Component: ARM Compiler 5.06 update 6 (build 750) Tool: armlink [4d35ed]

==============================================================================

Section Cross References

    stm32f4xx_it.o(i.SysTick_Handler) refers to cmsis_os.o(i.osSystickHandler) for osSystickHandler
    stm32f4xx_it.o(i.TIM6_DAC_IRQHandler) refers to stm32f4xx_hal_tim.o(i.HAL_TIM_IRQHandler) for HAL_TIM_IRQHandler
    stm32f4xx_it.o(i.TIM6_DAC_IRQHandler) refers to stm32f4xx_hal_timebase_tim.o(.bss) for htim6
    stm32f4xx_it.o(i.TIM7_IRQHandler) refers to stm32f4xx_hal_tim.o(i.HAL_TIM_IRQHandler) for HAL_TIM_IRQHandler
    stm32f4xx_it.o(i.TIM7_IRQHandler) refers to main.o(.bss) for htim7
    stm32f4xx_it.o(i.TIM7_IRQHandler) refers to porttimer.o(.data) for downcounter
    stm32f4xx_it.o(i.TIM7_IRQHandler) refers to mb.o(.data) for pxMBPortCBTimerExpired
    stm32f4xx_it.o(i.USART2_IRQHandler) refers to stm32f4xx_hal_gpio.o(i.HAL_GPIO_WritePin) for HAL_GPIO_WritePin
    stm32f4xx_it.o(i.USART2_IRQHandler) refers to stm32f4xx_hal_uart.o(i.HAL_UART_IRQHandler) for HAL_UART_IRQHandler
    stm32f4xx_it.o(i.USART2_IRQHandler) refers to main.o(.bss) for huart2
    stm32f4xx_it.o(i.USART2_IRQHandler) refers to mb.o(.data) for pxMBFrameCBByteReceived
    main.o(i.HAL_TIM_PeriodElapsedCallback) refers to stm32f4xx_hal.o(i.HAL_IncTick) for HAL_IncTick
    main.o(i.MX_GPIO_Init) refers to stm32f4xx_hal_gpio.o(i.HAL_GPIO_WritePin) for HAL_GPIO_WritePin
    main.o(i.MX_GPIO_Init) refers to stm32f4xx_hal_gpio.o(i.HAL_GPIO_Init) for HAL_GPIO_Init
    main.o(i.StartDefaultTask) refers to memcpya.o(.text) for __aeabi_memcpy4
    main.o(i.StartDefaultTask) refers to cmsis_os.o(i.osThreadCreate) for osThreadCreate
    main.o(i.StartDefaultTask) refers to cmsis_os.o(i.osDelay) for osDelay
    main.o(i.StartDefaultTask) refers to main.o(.constdata) for .constdata
    main.o(i.SystemClock_Config) refers to stm32f4xx_hal_rcc.o(i.HAL_RCC_OscConfig) for HAL_RCC_OscConfig
    main.o(i.SystemClock_Config) refers to stm32f4xx_hal_rcc.o(i.HAL_RCC_ClockConfig) for HAL_RCC_ClockConfig
    main.o(i.SystemClock_Config) refers to stm32f4xx_hal_rcc.o(i.HAL_RCC_GetHCLKFreq) for HAL_RCC_GetHCLKFreq
    main.o(i.SystemClock_Config) refers to stm32f4xx_hal_cortex.o(i.HAL_SYSTICK_Config) for HAL_SYSTICK_Config
    main.o(i.SystemClock_Config) refers to stm32f4xx_hal_cortex.o(i.HAL_SYSTICK_CLKSourceConfig) for HAL_SYSTICK_CLKSourceConfig
    main.o(i.SystemClock_Config) refers to stm32f4xx_hal_cortex.o(i.HAL_NVIC_SetPriority) for HAL_NVIC_SetPriority
    main.o(i.main) refers to stm32f4xx_hal.o(i.HAL_Init) for HAL_Init
    main.o(i.main) refers to main.o(i.SystemClock_Config) for SystemClock_Config
    main.o(i.main) refers to main.o(i.MX_GPIO_Init) for MX_GPIO_Init
    main.o(i.main) refers to stm32f4xx_hal_uart.o(i.HAL_UART_Init) for HAL_UART_Init
    main.o(i.main) refers to stm32f4xx_hal_tim.o(i.HAL_TIM_Base_Init) for HAL_TIM_Base_Init
    main.o(i.main) refers to stm32f4xx_hal_tim_ex.o(i.HAL_TIMEx_MasterConfigSynchronization) for HAL_TIMEx_MasterConfigSynchronization
    main.o(i.main) refers to memcpya.o(.text) for __aeabi_memcpy4
    main.o(i.main) refers to cmsis_os.o(i.osThreadCreate) for osThreadCreate
    main.o(i.main) refers to cmsis_os.o(i.osKernelStart) for osKernelStart
    main.o(i.main) refers to main.o(.bss) for .bss
    main.o(i.main) refers to main.o(.constdata) for .constdata
    main.o(i.main) refers to main.o(.data) for .data
    main.o(.constdata) refers to main.o(.conststring) for .conststring
    main.o(.constdata) refers to main.o(i.StartDefaultTask) for StartDefaultTask
    main.o(.constdata) refers to mdtask.o(i.read_temps) for read_temps
    main.o(.constdata) refers to mdtask.o(i.ModbusRTUTask) for ModbusRTUTask
    stm32f4xx_hal_msp.o(i.HAL_MspInit) refers to stm32f4xx_hal_cortex.o(i.HAL_NVIC_SetPriorityGrouping) for HAL_NVIC_SetPriorityGrouping
    stm32f4xx_hal_msp.o(i.HAL_MspInit) refers to stm32f4xx_hal_cortex.o(i.HAL_NVIC_SetPriority) for HAL_NVIC_SetPriority
    stm32f4xx_hal_msp.o(i.HAL_TIM_Base_MspDeInit) refers to stm32f4xx_hal_cortex.o(i.HAL_NVIC_DisableIRQ) for HAL_NVIC_DisableIRQ
    stm32f4xx_hal_msp.o(i.HAL_TIM_Base_MspInit) refers to stm32f4xx_hal_cortex.o(i.HAL_NVIC_SetPriority) for HAL_NVIC_SetPriority
    stm32f4xx_hal_msp.o(i.HAL_TIM_Base_MspInit) refers to stm32f4xx_hal_cortex.o(i.HAL_NVIC_EnableIRQ) for HAL_NVIC_EnableIRQ
    stm32f4xx_hal_msp.o(i.HAL_UART_MspDeInit) refers to stm32f4xx_hal_gpio.o(i.HAL_GPIO_DeInit) for HAL_GPIO_DeInit
    stm32f4xx_hal_msp.o(i.HAL_UART_MspDeInit) refers to stm32f4xx_hal_cortex.o(i.HAL_NVIC_DisableIRQ) for HAL_NVIC_DisableIRQ
    stm32f4xx_hal_msp.o(i.HAL_UART_MspInit) refers to stm32f4xx_hal_gpio.o(i.HAL_GPIO_Init) for HAL_GPIO_Init
    stm32f4xx_hal_msp.o(i.HAL_UART_MspInit) refers to stm32f4xx_hal_cortex.o(i.HAL_NVIC_SetPriority) for HAL_NVIC_SetPriority
    stm32f4xx_hal_msp.o(i.HAL_UART_MspInit) refers to stm32f4xx_hal_cortex.o(i.HAL_NVIC_EnableIRQ) for HAL_NVIC_EnableIRQ
[...]
    ../clib/microlib/stdlib/abort.c          0x00000000   Number         0  abort.o ABSOLUTE
    ../clib/microlib/string/memcpy.c         0x00000000   Number         0  memcpya.o ABSOLUTE
    ../clib/microlib/string/memcpy.c         0x00000000   Number         0  memcpyb.o ABSOLUTE
    ../clib/microlib/string/memset.c         0x00000000   Number         0  memseta.o ABSOLUTE
    ../clib/microlib/stubs.s                 0x00000000   Number         0  iusefp.o ABSOLUTE
    ../fplib/microlib/d2f.c                  0x00000000   Number         0  d2f.o ABSOLUTE
    ../fplib/microlib/f2d.c                  0x00000000   Number         0  f2d.o ABSOLUTE
    ../fplib/microlib/fpdiv.c                0x00000000   Number         0  ddiv.o ABSOLUTE
    ../fplib/microlib/fpepilogue.c           0x00000000   Number         0  depilogue.o ABSOLUTE
    ../fplib/microlib/fpepilogue.c           0x00000000   Number         0  fepilogue.o ABSOLUTE
    ..\Drivers\STM32F4xx_HAL_Driver\Src\stm32f4xx_hal.c 0x00000000   Number         0  stm32f4xx_hal.o ABSOLUTE
    ..\Drivers\STM32F4xx_HAL_Driver\Src\stm32f4xx_hal_cortex.c 0x00000000   Number         0  stm32f4xx_hal_cortex.o ABSOLUTE
    ..\Drivers\STM32F4xx_HAL_Driver\Src\stm32f4xx_hal_dma.c 0x00000000   Number         0  stm32f4xx_hal_dma.o ABSOLUTE
    ..\Drivers\STM32F4xx_HAL_Driver\Src\stm32f4xx_hal_dma_ex.c 0x00000000   Number         0  stm32f4xx_hal_dma_ex.o ABSOLUTE
    ..\Drivers\STM32F4xx_HAL_Driver\Src\stm32f4xx_hal_flash.c 0x00000000   Number         0  stm32f4xx_hal_flash.o ABSOLUTE
    ..\Drivers\STM32F4xx_HAL_Driver\Src\stm32f4xx_hal_flash_ex.c 0x00000000   Number         0  stm32f4xx_hal_flash_ex.o ABSOLUTE
    ..\Drivers\STM32F4xx_HAL_Driver\Src\stm32f4xx_hal_flash_ramfunc.c 0x00000000   Number         0  stm32f4xx_hal_flash_ramfunc.o ABSOLUTE
    ..\Drivers\STM32F4xx_HAL_Driver\Src\stm32f4xx_hal_gpio.c 0x00000000   Number         0  stm32f4xx_hal_gpio.o ABSOLUTE
    ..\Drivers\STM32F4xx_HAL_Driver\Src\stm32f4xx_hal_pwr.c 0x00000000   Number         0  stm32f4xx_hal_pwr.o ABSOLUTE
    ..\Drivers\STM32F4xx_HAL_Driver\Src\stm32f4xx_hal_pwr_ex.c 0x00000000   Number         0  stm32f4xx_hal_pwr_ex.o ABSOLUTE
    ..\Drivers\STM32F4xx_HAL_Driver\Src\stm32f4xx_hal_rcc.c 0x00000000   Number         0  stm32f4xx_hal_rcc.o ABSOLUTE
    ..\Drivers\STM32F4xx_HAL_Driver\Src\stm32f4xx_hal_rcc_ex.c 0x00000000   Number         0  stm32f4xx_hal_rcc_ex.o ABSOLUTE
    ..\Drivers\STM32F4xx_HAL_Driver\Src\stm32f4xx_hal_tim.c 0x00000000   Number         0  stm32f4xx_hal_tim.o ABSOLUTE
    ..\Drivers\STM32F4xx_HAL_Driver\Src\stm32f4xx_hal_tim_ex.c 0x00000000   Number         0  stm32f4xx_hal_tim_ex.o ABSOLUTE
    ..\Drivers\STM32F4xx_HAL_Driver\Src\stm32f4xx_hal_uart.c 0x00000000   Number         0  stm32f4xx_hal_uart.o ABSOLUTE
    ..\Middlewares\Third_Party\FreeRTOS\Source\CMSIS_RTOS\cmsis_os.c 0x00000000   Number         0  cmsis_os.o ABSOLUTE
    ..\Middlewares\Third_Party\FreeRTOS\Source\portable\RVDS\ARM_CM4F\port.c 0x00000000   Number         0  port.o ABSOLUTE
    ..\Middlewares\Third_Party\modbus\functions\mbfunccoils.c 0x00000000   Number         0  mbfunccoils.o ABSOLUTE
    ..\Middlewares\Third_Party\modbus\functions\mbfuncdiag.c 0x00000000   Number         0  mbfuncdiag.o ABSOLUTE
    ..\Middlewares\Third_Party\modbus\functions\mbfuncdisc.c 0x00000000   Number         0  mbfuncdisc.o ABSOLUTE
    ..\Middlewares\Third_Party\modbus\functions\mbfuncholding.c 0x00000000   Number         0  mbfuncholding.o ABSOLUTE
    ..\Middlewares\Third_Party\modbus\functions\mbfuncinput.c 0x00000000   Number         0  mbfuncinput.o ABSOLUTE
    ..\Middlewares\Third_Party\modbus\functions\mbfuncother.c 0x00000000   Number         0  mbfuncother.o ABSOLUTE
    ..\Middlewares\Third_Party\modbus\functions\mbutils.c 0x00000000   Number         0  mbutils.o ABSOLUTE
    ..\Middlewares\Third_Party\modbus\mb.c   0x00000000   Number         0  mb.o ABSOLUTE
    ..\Middlewares\Third_Party\modbus\port\portevent.c 0x00000000   Number         0  portevent.o ABSOLUTE
    ..\Middlewares\Third_Party\modbus\port\portserial.c 0x00000000   Number         0  portserial.o ABSOLUTE
    ..\Middlewares\Third_Party\modbus\port\porttimer.c 0x00000000   Number         0  porttimer.o ABSOLUTE
    ..\Middlewares\Third_Party\modbus\rtu\mbcrc.c 0x00000000   Number         0  mbcrc.o ABSOLUTE
    ..\Middlewares\Third_Party\modbus\rtu\mbrtu.c 0x00000000   Number         0  mbrtu.o ABSOLUTE
    ..\Src\MAX31865.c                        0x00000000   Number         0  max31865.o ABSOLUTE
    ..\Src\main.c                            0x00000000   Number         0  main.o ABSOLUTE
    ..\Src\mdtask.c                          0x00000000   Number         0  mdtask.o ABSOLUTE
    ..\Src\stm32f4xx_hal_msp.c               0x00000000   Number         0  stm32f4xx_hal_msp.o ABSOLUTE
    ..\Src\stm32f4xx_hal_timebase_TIM.c      0x00000000   Number         0  stm32f4xx_hal_timebase_tim.o ABSOLUTE
    ..\Src\stm32f4xx_it.c                    0x00000000   Number         0  stm32f4xx_it.o ABSOLUTE
    ..\Src\system_stm32f4xx.c                0x00000000   Number         0  system_stm32f4xx.o ABSOLUTE
    ..\\Middlewares\\Third_Party\\modbus\\functions\\mbfunccoils.c 0x00000000   Number         0  mbfunccoils.o ABSOLUTE
    ..\\Middlewares\\Third_Party\\modbus\\functions\\mbfuncdisc.c 0x00000000   Number         0  mbfuncdisc.o ABSOLUTE
    ..\\Middlewares\\Third_Party\\modbus\\functions\\mbfuncholding.c 0x00000000   Number         0  mbfuncholding.o ABSOLUTE
    ..\\Middlewares\\Third_Party\\modbus\\functions\\mbfuncinput.c 0x00000000   Number         0  mbfuncinput.o ABSOLUTE
    ..\\Middlewares\\Third_Party\\modbus\\functions\\mbfuncother.c 0x00000000   Number         0  mbfuncother.o ABSOLUTE
    ..\\Middlewares\\Third_Party\\modbus\\functions\\mbutils.c 0x00000000   Number         0  mbutils.o ABSOLUTE
    ..\\Middlewares\\Third_Party\\modbus\\mb.c 0x00000000   Number         0  mb.o ABSOLUTE
    ..\\Middlewares\\Third_Party\\modbus\\port\\portevent.c 0x00000000   Number         0  portevent.o ABSOLUTE
    ..\\Middlewares\\Third_Party\\modbus\\port\\portserial.c 0x00000000   Number         0  portserial.o ABSOLUTE
    ..\\Middlewares\\Third_Party\\modbus\\port\\porttimer.c 0x00000000   Number         0  porttimer.o ABSOLUTE
    ..\\Middlewares\\Third_Party\\modbus\\rtu\\mbcrc.c 0x00000000   Number         0  mbcrc.o ABSOLUTE
    ..\\Middlewares\\Third_Party\\modbus\\rtu\\mbrtu.c 0x00000000   Number         0  mbrtu.o ABSOLUTE
    ..\\Src\\MAX31865.c                      0x00000000   Number         0  max31865.o ABSOLUTE
    ..\\Src\\mdtask.c                        0x00000000   Number         0  mdtask.o ABSOLUTE
    dc.s                                     0x00000000   Number         0  dc.o ABSOLUTE
    handlers.s                               0x00000000   Number         0  handlers.o ABSOLUTE
    init.s                                   0x00000000   Number         0  init.o ABSOLUTE
    startup_stm32f407xx.s                    0x00000000   Number         0  startup_stm32f407xx.o ABSOLUTE
    RESET                                    0x08000000   Section      392  startup_stm32f407xx.o(RESET)
    .ARM.Collect$$$$00000000                 0x08000188   Section        0  entry.o(.ARM.Collect$$$$00000000)
    .ARM.Collect$$$$00000001                 0x08000188   Section        4  entry2.o(.ARM.Collect$$$$00000001)
    .ARM.Collect$$$$00000004                 0x0800018c   Section        4  entry5.o(.ARM.Collect$$$$00000004)
    .ARM.Collect$$$$00000008                 0x08000190   Section        0  entry7b.o(.ARM.Collect$$$$00000008)
    .ARM.Collect$$$$0000000A                 0x08000190   Section        0  entry8b.o(.ARM.Collect$$$$0000000A)
    .ARM.Collect$$$$0000000B                 0x08000190   Section        8  entry9a.o(.ARM.Collect$$$$0000000B)
    .ARM.Collect$$$$0000000D                 0x08000198   Section        0  entry10a.o(.ARM.Collect$$$$0000000D)
    .ARM.Collect$$$$0000000F                 0x08000198   Section        0  entry11a.o(.ARM.Collect$$$$0000000F)
    .ARM.Collect$$$$00002712                 0x08000198   Section        4  entry2.o(.ARM.Collect$$$$00002712)
    __lit__00000000                          0x08000198   Data           4  entry2.o(.ARM.Collect$$$$00002712)
    .emb_text                                0x0800019c   Section      186  port.o(.emb_text)
    $v0                                      0x0800019c   Number         0  port.o(.emb_text)
    .text                                    0x08000258   Section       36  startup_stm32f407xx.o(.text)
    $v0                                      0x08000258   Number         0  startup_stm32f407xx.o(.text)
    .text                                    0x0800027c   Section        0  memcpya.o(.text)
    .text                                    0x080002a0   Section        0  memseta.o(.text)
    .text                                    0x080002c4   Section        0  ddiv.o(.text)
    .text                                    0x080003a2   Section        0  f2d.o(.text)
    .text                                    0x080003c8   Section        0  d2f.o(.text)
    .text                                    0x08000400   Section        0  iusefp.o(.text)
    .text                                    0x08000400   Section        0  fepilogue.o(.text)
    .text                                    0x0800046e   Section        0  depilogue.o(.text)
    .text                                    0x08000528   Section       36  init.o(.text)
    .text                                    0x0800054c   Section        0  llshl.o(.text)
    .text                                    0x0800056a   Section        0  llushr.o(.text)
    .text                                    0x0800058a   Section        0  __dczerorl2.o(.text)
    i.HAL_DMA_Abort_IT                       0x080005e0   Section        0  stm32f4xx_hal_dma.o(i.HAL_DMA_Abort_IT)
    i.HAL_GPIO_Init                          0x08000604   Section        0  stm32f4xx_hal_gpio.o(i.HAL_GPIO_Init)
    i.HAL_GPIO_ReadPin                       0x080007b4   Section        0  stm32f4xx_hal_gpio.o(i.HAL_GPIO_ReadPin)
    i.HAL_GPIO_TogglePin                     0x080007be   Section        0  stm32f4xx_hal_gpio.o(i.HAL_GPIO_TogglePin)
    i.HAL_GPIO_WritePin                      0x080007c6   Section        0  stm32f4xx_hal_gpio.o(i.HAL_GPIO_WritePin)
    i.HAL_GetTick                            0x080007d0   Section        0  stm32f4xx_hal.o(i.HAL_GetTick)
    i.HAL_IncTick                            0x080007dc   Section        0  stm32f4xx_hal.o(i.HAL_IncTick)
    i.HAL_Init                               0x080007ec   Section        0  stm32f4xx_hal.o(i.HAL_Init)
    i.HAL_InitTick                           0x08000820   Section        0  stm32f4xx_hal_timebase_tim.o(i.HAL_InitTick)
    i.HAL_MspInit                            0x08000894   Section        0  stm32f4xx_hal_msp.o(i.HAL_MspInit)
    i.HAL_NVIC_EnableIRQ                     0x080008ec   Section        0  stm32f4xx_hal_cortex.o(i.HAL_NVIC_EnableIRQ)
    i.HAL_NVIC_SetPriority                   0x08000904   Section        0  stm32f4xx_hal_cortex.o(i.HAL_NVIC_SetPriority)
    i.HAL_NVIC_SetPriorityGrouping           0x08000944   Section        0  stm32f4xx_hal_cortex.o(i.HAL_NVIC_SetPriorityGrouping)
    i.HAL_RCC_ClockConfig                    0x08000968   Section        0  stm32f4xx_hal_rcc.o(i.HAL_RCC_ClockConfig)
    i.HAL_RCC_GetClockConfig                 0x08000ae4   Section        0  stm32f4xx_hal_rcc.o(i.HAL_RCC_GetClockConfig)
    i.HAL_RCC_GetHCLKFreq                    0x08000b24   Section        0  stm32f4xx_hal_rcc.o(i.HAL_RCC_GetHCLKFreq)
    i.HAL_RCC_GetPCLK1Freq                   0x08000b30   Section        0  stm32f4xx_hal_rcc.o(i.HAL_RCC_GetPCLK1Freq)
    i.HAL_RCC_GetPCLK2Freq                   0x08000b60   Section        0  stm32f4xx_hal_rcc.o(i.HAL_RCC_GetPCLK2Freq)
    i.HAL_RCC_GetSysClockFreq                0x08000b90   Section        0  stm32f4xx_hal_rcc.o(i.HAL_RCC_GetSysClockFreq)
    i.HAL_RCC_OscConfig                      0x08000c00   Section        0  stm32f4xx_hal_rcc.o(i.HAL_RCC_OscConfig)
    i.HAL_SYSTICK_CLKSourceConfig            0x08000f14   Section        0  stm32f4xx_hal_cortex.o(i.HAL_SYSTICK_CLKSourceConfig)
    i.HAL_SYSTICK_Config                     0x08000f2c   Section        0  stm32f4xx_hal_cortex.o(i.HAL_SYSTICK_Config)
    i.HAL_TIMEx_BreakCallback                0x08000f54   Section        0  stm32f4xx_hal_tim_ex.o(i.HAL_TIMEx_BreakCallback)
    i.HAL_TIMEx_CommutationCallback          0x08000f56   Section        0  stm32f4xx_hal_tim_ex.o(i.HAL_TIMEx_CommutationCallback)
    i.HAL_TIMEx_MasterConfigSynchronization  0x08000f58   Section        0  stm32f4xx_hal_tim_ex.o(i.HAL_TIMEx_MasterConfigSynchronization)
    i.HAL_TIM_Base_Init                      0x08000fa8   Section        0  stm32f4xx_hal_tim.o(i.HAL_TIM_Base_Init)
    i.HAL_TIM_Base_MspInit                   0x08000fe0   Section        0  stm32f4xx_hal_msp.o(i.HAL_TIM_Base_MspInit)
    i.HAL_TIM_Base_Start_IT                  0x0800101c   Section        0  stm32f4xx_hal_tim.o(i.HAL_TIM_Base_Start_IT)
    i.HAL_TIM_Base_Stop_IT                   0x08001034   Section        0  stm32f4xx_hal_tim.o(i.HAL_TIM_Base_Stop_IT)
    i.HAL_TIM_IC_CaptureCallback             0x0800105e   Section        0  stm32f4xx_hal_tim.o(i.HAL_TIM_IC_CaptureCallback)
    i.HAL_TIM_IRQHandler                     0x08001060   Section        0  stm32f4xx_hal_tim.o(i.HAL_TIM_IRQHandler)
    i.HAL_TIM_OC_DelayElapsedCallback        0x080011c6   Section        0  stm32f4xx_hal_tim.o(i.HAL_TIM_OC_DelayElapsedCallback)
    i.HAL_TIM_PWM_PulseFinishedCallback      0x080011c8   Section        0  stm32f4xx_hal_tim.o(i.HAL_TIM_PWM_PulseFinishedCallback)
    i.HAL_TIM_PeriodElapsedCallback          0x080011cc   Section        0  main.o(i.HAL_TIM_PeriodElapsedCallback)
    i.HAL_TIM_TriggerCallback                0x080011e0   Section        0  stm32f4xx_hal_tim.o(i.HAL_TIM_TriggerCallback)
    i.HAL_UART_ErrorCallback                 0x080011e2   Section        0  stm32f4xx_hal_uart.o(i.HAL_UART_ErrorCallback)
    i.HAL_UART_IRQHandler                    0x080011e4   Section        0  stm32f4xx_hal_uart.o(i.HAL_UART_IRQHandler)
    i.HAL_UART_Init                          0x080012f4   Section        0  stm32f4xx_hal_uart.o(i.HAL_UART_Init)
    i.HAL_UART_MspInit                       0x08001358   Section        0  stm32f4xx_hal_msp.o(i.HAL_UART_MspInit)
    i.HAL_UART_RxCpltCallback                0x080013b4   Section        0  stm32f4xx_hal_uart.o(i.HAL_UART_RxCpltCallback)
    i.HAL_UART_Transmit                      0x080013b6   Section        0  stm32f4xx_hal_uart.o(i.HAL_UART_Transmit)
    i.HAL_UART_TxCpltCallback                0x08001470   Section        0  stm32f4xx_hal_uart.o(i.HAL_UART_TxCpltCallback)
    i.MAX31865_init                          0x08001474   Section        0  max31865.o(i.MAX31865_init)
    i.MAX31865_read                          0x080014b8   Section        0  max31865.o(i.MAX31865_read)
    i.MAX31865_readTemp                      0x080014f4   Section        0  max31865.o(i.MAX31865_readTemp)
    i.MAX31865_write                         0x08001594   Section        0  max31865.o(i.MAX31865_write)
    i.MX_GPIO_Init                           0x080015d0   Section        0  main.o(i.MX_GPIO_Init)
    MX_GPIO_Init                             0x080015d1   Thumb Code   250  main.o(i.MX_GPIO_Init)
    i.ModbusRTUTask                          0x080016e0   Section        0  mdtask.o(i.ModbusRTUTask)
    i.NVIC_SetPriority                       0x0800175c   Section        0  stm32f4xx_hal_cortex.o(i.NVIC_SetPriority)
    NVIC_SetPriority                         0x0800175d   Thumb Code    32  stm32f4xx_hal_cortex.o(i.NVIC_SetPriority)
    i.StartDefaultTask                       0x0800177c   Section        0  main.o(i.StartDefaultTask)
    i.SysTick_Handler                        0x080017b0   Section        0  stm32f4xx_it.o(i.SysTick_Handler)
    i.SystemClock_Config                     0x080017b4   Section        0  main.o(i.SystemClock_Config)
    i.SystemInit                             0x08001854   Section        0  system_stm32f4xx.o(i.SystemInit)
    i.TIM6_DAC_IRQHandler                    0x080018a8   Section        0  stm32f4xx_it.o(i.TIM6_DAC_IRQHandler)
    i.TIM7_IRQHandler                        0x080018b4   Section        0  stm32f4xx_it.o(i.TIM7_IRQHandler)
    i.TIM_Base_SetConfig                     0x080018f8   Section        0  stm32f4xx_hal_tim.o(i.TIM_Base_SetConfig)
    i.UART_DMAAbortOnError                   0x080019b8   Section        0  stm32f4xx_hal_uart.o(i.UART_DMAAbortOnError)
    UART_DMAAbortOnError                     0x080019b9   Thumb Code    16  stm32f4xx_hal_uart.o(i.UART_DMAAbortOnError)
    i.UART_EndRxTransfer                     0x080019c8   Section        0  stm32f4xx_hal_uart.o(i.UART_EndRxTransfer)
    UART_EndRxTransfer                       0x080019c9   Thumb Code    28  stm32f4xx_hal_uart.o(i.UART_EndRxTransfer)
    i.UART_Receive_IT                        0x080019e4   Section        0  stm32f4xx_hal_uart.o(i.UART_Receive_IT)
    UART_Receive_IT                          0x080019e5   Thumb Code   140  stm32f4xx_hal_uart.o(i.UART_Receive_IT)
    i.UART_SetConfig                         0x08001a70   Section        0  stm32f4xx_hal_uart.o(i.UART_SetConfig)
    UART_SetConfig                           0x08001a71   Thumb Code   676  stm32f4xx_hal_uart.o(i.UART_SetConfig)
    i.UART_Transmit_IT                       0x08001d1c   Section        0  stm32f4xx_hal_uart.o(i.UART_Transmit_IT)
    UART_Transmit_IT                         0x08001d1d   Thumb Code    98  stm32f4xx_hal_uart.o(i.UART_Transmit_IT)
    i.UART_WaitOnFlagUntilTimeout            0x08001d7e   Section        0  stm32f4xx_hal_uart.o(i.UART_WaitOnFlagUntilTimeout)
    UART_WaitOnFlagUntilTimeout              0x08001d7f   Thumb Code   100  stm32f4xx_hal_uart.o(i.UART_WaitOnFlagUntilTimeout)
    i.USART2_IRQHandler                      0x08001de4   Section        0  stm32f4xx_it.o(i.USART2_IRQHandler)
    i.__scatterload_copy                     0x08001e54   Section       14  handlers.o(i.__scatterload_copy)
    i.__scatterload_null                     0x08001e62   Section        2  handlers.o(i.__scatterload_null)
    i.__scatterload_zeroinit                 0x08001e64   Section       14  handlers.o(i.__scatterload_zeroinit)
    i.autoConvert                            0x08001e72   Section        0  max31865.o(i.autoConvert)
    i.eMBEnable                              0x08001ea0   Section        0  mb.o(i.eMBEnable)
    i.eMBFuncReadCoils                       0x08001ec0   Section        0  mbfunccoils.o(i.eMBFuncReadCoils)
    i.eMBFuncReadDiscreteInputs              0x08001f32   Section        0  mbfuncdisc.o(i.eMBFuncReadDiscreteInputs)
    i.eMBFuncReadHoldingRegister             0x08001fa4   Section        0  mbfuncholding.o(i.eMBFuncReadHoldingRegister)
    i.eMBFuncReadInputRegister               0x08002002   Section        0  mbfuncinput.o(i.eMBFuncReadInputRegister)
    i.eMBFuncReadWriteMultipleHoldingRegister 0x08002064   Section        0  mbfuncholding.o(i.eMBFuncReadWriteMultipleHoldingRegister)
    i.eMBFuncReportSlaveID                   0x08002100   Section        0  mbfuncother.o(i.eMBFuncReportSlaveID)
    i.eMBFuncWriteCoil                       0x08002124   Section        0  mbfunccoils.o(i.eMBFuncWriteCoil)
    i.eMBFuncWriteHoldingRegister            0x0800217a   Section        0  mbfuncholding.o(i.eMBFuncWriteHoldingRegister)
    i.eMBFuncWriteMultipleCoils              0x080021ac   Section        0  mbfunccoils.o(i.eMBFuncWriteMultipleCoils)
    i.eMBFuncWriteMultipleHoldingRegister    0x08002210   Section        0  mbfuncholding.o(i.eMBFuncWriteMultipleHoldingRegister)
    i.eMBInit                                0x08002260   Section        0  mb.o(i.eMBInit)
    i.eMBPoll                                0x080022e0   Section        0  mb.o(i.eMBPoll)
    i.eMBRTUInit                             0x080023bc   Section        0  mbrtu.o(i.eMBRTUInit)
    i.eMBRTUReceive                          0x080023fc   Section        0  mbrtu.o(i.eMBRTUReceive)
    i.eMBRTUSend                             0x08002450   Section        0  mbrtu.o(i.eMBRTUSend)
    i.eMBRTUStart                            0x080024ac   Section        0  mbrtu.o(i.eMBRTUStart)
    i.eMBRTUStop                             0x080024cc   Section        0  mbrtu.o(i.eMBRTUStop)
    i.eMBRegCoilsCB                          0x080024e0   Section        0  mdtask.o(i.eMBRegCoilsCB)
    i.eMBRegDiscreteCB                       0x080024e4   Section        0  mdtask.o(i.eMBRegDiscreteCB)
    i.eMBRegHoldingCB                        0x080024e8   Section        0  mdtask.o(i.eMBRegHoldingCB)
    i.eMBRegInputCB                          0x08002564   Section        0  mdtask.o(i.eMBRegInputCB)
    i.eMBSetSlaveID                          0x080025cc   Section        0  mbfuncother.o(i.eMBSetSlaveID)
    i.enableBias                             0x08002614   Section        0  max31865.o(i.enableBias)
    i.main                                   0x08002640   Section        0  main.o(i.main)
    i.makeFreeRtosPriority                   0x080026cc   Section        0  cmsis_os.o(i.makeFreeRtosPriority)
    makeFreeRtosPriority                     0x080026cd   Thumb Code    12  cmsis_os.o(i.makeFreeRtosPriority)
    i.osDelay                                0x080026d8   Section        0  cmsis_os.o(i.osDelay)
    i.osKernelStart                          0x080026e6   Section        0  cmsis_os.o(i.osKernelStart)
    i.osSystickHandler                       0x080026f0   Section        0  cmsis_os.o(i.osSystickHandler)
    i.osThreadCreate                         0x08002704   Section        0  cmsis_os.o(i.osThreadCreate)
    i.prvAddCurrentTaskToDelayedList         0x08002734   Section        0  tasks.o(i.prvAddCurrentTaskToDelayedList)
    prvAddCurrentTaskToDelayedList           0x08002735   Thumb Code   102  tasks.o(i.prvAddCurrentTaskToDelayedList)
    i.prvAddNewTaskToReadyList               0x080027a4   Section        0  tasks.o(i.prvAddNewTaskToReadyList)
    prvAddNewTaskToReadyList                 0x080027a5   Thumb Code   196  tasks.o(i.prvAddNewTaskToReadyList)
    i.prvCheckTasksWaitingTermination        0x08002874   Section        0  tasks.o(i.prvCheckTasksWaitingTermination)
    prvCheckTasksWaitingTermination          0x08002875   Thumb Code    70  tasks.o(i.prvCheckTasksWaitingTermination)
    i.prvDeleteTCB                           0x080028c4   Section        0  tasks.o(i.prvDeleteTCB)
    prvDeleteTCB                             0x080028c5   Thumb Code    20  tasks.o(i.prvDeleteTCB)
    i.prvHeapInit                            0x080028d8   Section        0  heap_4.o(i.prvHeapInit)
    prvHeapInit                              0x080028d9   Thumb Code    66  heap_4.o(i.prvHeapInit)
    i.prvIdleTask                            0x08002924   Section        0  tasks.o(i.prvIdleTask)
    prvIdleTask                              0x08002925   Thumb Code    30  tasks.o(i.prvIdleTask)
    i.prvInitialiseNewTask                   0x0800294c   Section        0  tasks.o(i.prvInitialiseNewTask)
    prvInitialiseNewTask                     0x0800294d   Thumb Code   156  tasks.o(i.prvInitialiseNewTask)
    i.prvInsertBlockIntoFreeList             0x080029e8   Section        0  heap_4.o(i.prvInsertBlockIntoFreeList)
    prvInsertBlockIntoFreeList               0x080029e9   Thumb Code    72  heap_4.o(i.prvInsertBlockIntoFreeList)
    i.prvResetNextTaskUnblockTime            0x08002a34   Section        0  tasks.o(i.prvResetNextTaskUnblockTime)
    prvResetNextTaskUnblockTime              0x08002a35   Thumb Code    26  tasks.o(i.prvResetNextTaskUnblockTime)
    i.prvTaskExitError                       0x08002a54   Section        0  port.o(i.prvTaskExitError)
    prvTaskExitError                         0x08002a55   Thumb Code    36  port.o(i.prvTaskExitError)
    i.prveMBError2Exception                  0x08002a7c   Section        0  mbutils.o(i.prveMBError2Exception)
    i.pvPortMalloc                           0x08002a94   Section        0  heap_4.o(i.pvPortMalloc)
    i.pxPortInitialiseStack                  0x08002b6c   Section        0  port.o(i.pxPortInitialiseStack)
    i.read_temps                             0x08002b98   Section        0  mdtask.o(i.read_temps)
    i.setWires                               0x08002be4   Section        0  max31865.o(i.setWires)
    i.single_shot                            0x08002c14   Section        0  max31865.o(i.single_shot)
    i.spi_read                               0x08002c34   Section        0  max31865.o(i.spi_read)
    i.spi_write                              0x08002c94   Section        0  max31865.o(i.spi_write)
    i.usMBCRC16                              0x08002cf0   Section        0  mbcrc.o(i.usMBCRC16)
    i.uxListRemove                           0x08002d1c   Section        0  list.o(i.uxListRemove)
    i.vListInitialise                        0x08002d40   Section        0  list.o(i.vListInitialise)
    i.vListInitialiseItem                    0x08002d56   Section        0  list.o(i.vListInitialiseItem)
    i.vListInsert                            0x08002d5c   Section        0  list.o(i.vListInsert)
    i.vListInsertEnd                         0x08002d8c   Section        0  list.o(i.vListInsertEnd)
    i.vMBPortSerialEnable                    0x08002da4   Section        0  portserial.o(i.vMBPortSerialEnable)
    i.vMBPortTimersDisable                   0x08002dd4   Section        0  porttimer.o(i.vMBPortTimersDisable)
    i.vMBPortTimersEnable                    0x08002de0   Section        0  porttimer.o(i.vMBPortTimersEnable)
    i.vPortEnterCritical                     0x08002df4   Section        0  port.o(i.vPortEnterCritical)
    i.vPortExitCritical                      0x08002e34   Section        0  port.o(i.vPortExitCritical)
    i.vPortFree                              0x08002e5c   Section        0  heap_4.o(i.vPortFree)
    i.vPortSetupTimerInterrupt               0x08002eb8   Section        0  port.o(i.vPortSetupTimerInterrupt)
    i.vTaskDelay                             0x08002ed8   Section        0  tasks.o(i.vTaskDelay)
    i.vTaskStartScheduler                    0x08002f24   Section        0  tasks.o(i.vTaskStartScheduler)
    i.vTaskSuspendAll                        0x08002f8c   Section        0  tasks.o(i.vTaskSuspendAll)
    i.vTaskSwitchContext                     0x08002f9c   Section        0  tasks.o(i.vTaskSwitchContext)
    i.xMBPortEventGet                        0x08002ff8   Section        0  portevent.o(i.xMBPortEventGet)
    i.xMBPortEventInit                       0x08003014   Section        0  portevent.o(i.xMBPortEventInit)
    i.xMBPortEventPost                       0x08003024   Section        0  portevent.o(i.xMBPortEventPost)
    i.xMBPortSerialGetByte                   0x08003034   Section        0  portserial.o(i.xMBPortSerialGetByte)
    i.xMBPortSerialInit                      0x08003044   Section        0  portserial.o(i.xMBPortSerialInit)
    i.xMBPortSerialPutByte                   0x08003048   Section        0  portserial.o(i.xMBPortSerialPutByte)
    i.xMBPortTimersInit                      0x08003064   Section        0  porttimer.o(i.xMBPortTimersInit)
    i.xMBRTUReceiveFSM                       0x080030b8   Section        0  mbrtu.o(i.xMBRTUReceiveFSM)
    i.xMBRTUTimerT35Expired                  0x08003120   Section        0  mbrtu.o(i.xMBRTUTimerT35Expired)
    i.xMBRTUTransmitFSM                      0x08003160   Section        0  mbrtu.o(i.xMBRTUTransmitFSM)
    i.xPortStartScheduler                    0x080031bc   Section        0  port.o(i.xPortStartScheduler)
    i.xPortSysTickHandler                    0x0800329c   Section        0  port.o(i.xPortSysTickHandler)
    i.xTaskCreate                            0x080032c8   Section        0  tasks.o(i.xTaskCreate)
    i.xTaskGetSchedulerState                 0x08003320   Section        0  tasks.o(i.xTaskGetSchedulerState)
    i.xTaskIncrementTick                     0x0800333c   Section        0  tasks.o(i.xTaskIncrementTick)
    i.xTaskResumeAll                         0x08003404   Section        0  tasks.o(i.xTaskResumeAll)
    .constdata                               0x080034c8   Section       60  main.o(.constdata)
    .constdata                               0x08003504   Section       16  system_stm32f4xx.o(.constdata)
    .constdata                               0x08003514   Section        8  system_stm32f4xx.o(.constdata)
    .constdata                               0x0800351c   Section      512  mbcrc.o(.constdata)
    aucCRCHi                                 0x0800351c   Data         256  mbcrc.o(.constdata)
    aucCRCLo                                 0x0800361c   Data         256  mbcrc.o(.constdata)
    .conststring                             0x0800371c   Section       39  main.o(.conststring)
    .data                                    0x20000000   Section        4  main.o(.data)
    .data                                    0x20000004   Section        6  mdtask.o(.data)
    usRegInputStart                          0x20000006   Data           2  mdtask.o(.data)
    usRegHoldingStart                        0x20000008   Data           2  mdtask.o(.data)
    .data                                    0x2000000c   Section       60  tasks.o(.data)
    uxDeletedTasksWaitingCleanUp             0x20000010   Data           4  tasks.o(.data)
    uxCurrentNumberOfTasks                   0x20000014   Data           4  tasks.o(.data)
    xTickCount                               0x20000018   Data           4  tasks.o(.data)
    uxTopReadyPriority                       0x2000001c   Data           4  tasks.o(.data)
    xSchedulerRunning                        0x20000020   Data           4  tasks.o(.data)
    uxPendedTicks                            0x20000024   Data           4  tasks.o(.data)
    xYieldPending                            0x20000028   Data           4  tasks.o(.data)
    xNumOfOverflows                          0x2000002c   Data           4  tasks.o(.data)
    uxTaskNumber                             0x20000030   Data           4  tasks.o(.data)
    xNextTaskUnblockTime                     0x20000034   Data           4  tasks.o(.data)
    xIdleTaskHandle                          0x20000038   Data           4  tasks.o(.data)
    uxSchedulerSuspended                     0x2000003c   Data           4  tasks.o(.data)
    pxDelayedTaskList                        0x20000040   Data           4  tasks.o(.data)
    pxOverflowDelayedTaskList                0x20000044   Data           4  tasks.o(.data)
    .data                                    0x20000048   Section       24  heap_4.o(.data)
    pxEnd                                    0x20000048   Data           4  heap_4.o(.data)
    xFreeBytesRemaining                      0x2000004c   Data           4  heap_4.o(.data)
    xMinimumEverFreeBytesRemaining           0x20000050   Data           4  heap_4.o(.data)
    xBlockAllocatedBit                       0x20000054   Data           4  heap_4.o(.data)
    xStart                                   0x20000058   Data           8  heap_4.o(.data)
    .data                                    0x20000060   Section       12  port.o(.data)
    ucMaxSysCallPriority                     0x20000060   Data           1  port.o(.data)
    uxCriticalNesting                        0x20000064   Data           4  port.o(.data)
    ulMaxPRIGROUPValue                       0x20000068   Data           4  port.o(.data)
    .data                                    0x2000006c   Section        4  system_stm32f4xx.o(.data)
    .data                                    0x20000070   Section        4  stm32f4xx_hal.o(.data)
    .data                                    0x20000074   Section        2  mbfuncother.o(.data)
    usMBSlaveIDLen                           0x20000074   Data           2  mbfuncother.o(.data)
    .data                                    0x20000076   Section        2  portevent.o(.data)
    eQueuedEvent                             0x20000076   Data           1  portevent.o(.data)
    xEventInQueue                            0x20000077   Data           1  portevent.o(.data)
    .data                                    0x20000078   Section        4  porttimer.o(.data)
    .data                                    0x2000007c   Section       12  mbrtu.o(.data)
    eSndState                                0x2000007c   Data           1  mbrtu.o(.data)
    eRcvState                                0x2000007d   Data           1  mbrtu.o(.data)
    usSndBufferCount                         0x2000007e   Data           2  mbrtu.o(.data)
    usRcvBufferPos                           0x20000080   Data           2  mbrtu.o(.data)
    pucSndBufferCur                          0x20000084   Data           4  mbrtu.o(.data)
    .data                                    0x20000088   Section      172  mb.o(.data)
    eMBState                                 0x20000088   Data           1  mb.o(.data)
    ucRcvAddress                             0x20000089   Data           1  mb.o(.data)
    ucFunctionCode                           0x2000008a   Data           1  mb.o(.data)
    eException                               0x2000008b   Data           1  mb.o(.data)
    ucMBAddress                              0x2000008c   Data           1  mb.o(.data)
    eMBCurrentMode                           0x2000008d   Data           1  mb.o(.data)
    usLength                                 0x2000008e   Data           2  mb.o(.data)
    ucMBFrame                                0x20000090   Data           4  mb.o(.data)
    peMBFrameSendCur                         0x20000094   Data           4  mb.o(.data)
    pvMBFrameStartCur                        0x20000098   Data           4  mb.o(.data)
    pvMBFrameStopCur                         0x2000009c   Data           4  mb.o(.data)
    peMBFrameReceiveCur                      0x200000a0   Data           4  mb.o(.data)
    pvMBFrameCloseCur                        0x200000a4   Data           4  mb.o(.data)
    xFuncHandlers                            0x200000b4   Data         128  mb.o(.data)
    .bss                                     0x20000134   Section      124  main.o(.bss)
    .bss                                     0x200001b0   Section       60  stm32f4xx_hal_timebase_tim.o(.bss)
    .bss                                     0x200001ec   Section      276  mdtask.o(.bss)
    usRegInputBuf                            0x200001ec   Data          16  mdtask.o(.bss)
    usRegHoldingBuf                          0x200001fc   Data         260  mdtask.o(.bss)
    .bss                                     0x20000300   Section      240  tasks.o(.bss)
    pxReadyTasksLists                        0x20000300   Data         140  tasks.o(.bss)
    xDelayedTaskList1                        0x2000038c   Data          20  tasks.o(.bss)
    xDelayedTaskList2                        0x200003a0   Data          20  tasks.o(.bss)
    xPendingReadyList                        0x200003b4   Data          20  tasks.o(.bss)
    xTasksWaitingTermination                 0x200003c8   Data          20  tasks.o(.bss)
    xSuspendedTaskList                       0x200003dc   Data          20  tasks.o(.bss)
    .bss                                     0x200003f0   Section    15360  heap_4.o(.bss)
    ucHeap                                   0x200003f0   Data       15360  heap_4.o(.bss)
    .bss                                     0x20003ff0   Section       32  mbfuncother.o(.bss)
    ucMBSlaveID                              0x20003ff0   Data          32  mbfuncother.o(.bss)
    .bss                                     0x20004010   Section      256  mbrtu.o(.bss)
    STACK                                    0x20004110   Section     1024  startup_stm32f407xx.o(STACK)

    Global Symbols

    Symbol Name                              Value     Ov Type        Size  Object(Section)

    BuildAttributes$$THM_ISAv4$E$P$D$K$B$S$7EM$VFPi3$EXTD16$VFPS$VFMA$PE$A:L22UL41UL21$X:L11$S22US41US21$IEEE1$IW$USESV6$~STKCKD$USESV7$~SHL$OTIME$ROPI$EBA8$MICROLIB$REQ8$PRES8$EABIv2 0x00000000   Number         0  anon$$obj.o ABSOLUTE
    __ARM_use_no_argv                        0x00000000   Number         0  main.o ABSOLUTE
    __cpp_initialize__aeabi_                  - Undefined Weak Reference
    __cxa_finalize                            - Undefined Weak Reference
    _clock_init                               - Undefined Weak Reference
    _microlib_exit                            - Undefined Weak Reference
    __Vectors_Size                           0x00000188   Number         0  startup_stm32f407xx.o ABSOLUTE
    __Vectors                                0x08000000   Data           4  startup_stm32f407xx.o(RESET)
    __Vectors_End                            0x08000188   Data           0  startup_stm32f407xx.o(RESET)
    __main                                   0x08000189   Thumb Code     0  entry.o(.ARM.Collect$$$$00000000)
    _main_stk                                0x08000189   Thumb Code     0  entry2.o(.ARM.Collect$$$$00000001)
    _main_scatterload                        0x0800018d   Thumb Code     0  entry5.o(.ARM.Collect$$$$00000004)
    __main_after_scatterload                 0x08000191   Thumb Code     0  entry5.o(.ARM.Collect$$$$00000004)
    _main_clock                              0x08000191   Thumb Code     0  entry7b.o(.ARM.Collect$$$$00000008)
    _main_cpp_init                           0x08000191   Thumb Code     0  entry8b.o(.ARM.Collect$$$$0000000A)
    _main_init                               0x08000191   Thumb Code     0  entry9a.o(.ARM.Collect$$$$0000000B)
    __rt_final_cpp                           0x08000199   Thumb Code     0  entry10a.o(.ARM.Collect$$$$0000000D)
    __rt_final_exit                          0x08000199   Thumb Code     0  entry11a.o(.ARM.Collect$$$$0000000F)
    SVC_Handler                              0x0800019d   Thumb Code    28  port.o(.emb_text)
    __asm___6_port_c_39a90d8d__prvStartFirstTask 0x080001bd   Thumb Code    28  port.o(.emb_text)
    __asm___6_port_c_39a90d8d__prvEnableVFP  0x080001dd   Thumb Code    16  port.o(.emb_text)
    PendSV_Handler                           0x080001f1   Thumb Code    92  port.o(.emb_text)
    vPortGetIPSR                             0x08000251   Thumb Code     6  port.o(.emb_text)
    Reset_Handler                            0x08000259   Thumb Code     8  startup_stm32f407xx.o(.text)
    NMI_Handler                              0x08000261   Thumb Code     2  startup_stm32f407xx.o(.text)
    HardFault_Handler                        0x08000263   Thumb Code     2  startup_stm32f407xx.o(.text)
    MemManage_Handler                        0x08000265   Thumb Code     2  startup_stm32f407xx.o(.text)
    BusFault_Handler                         0x08000267   Thumb Code     2  startup_stm32f407xx.o(.text)
    UsageFault_Handler                       0x08000269   Thumb Code     2  startup_stm32f407xx.o(.text)
    DebugMon_Handler                         0x0800026d   Thumb Code     2  startup_stm32f407xx.o(.text)
    ADC_IRQHandler                           0x08000273   Thumb Code     0  startup_stm32f407xx.o(.text)
    CAN1_RX0_IRQHandler                      0x08000273   Thumb Code     0  startup_stm32f407xx.o(.text)
    CAN1_RX1_IRQHandler                      0x08000273   Thumb Code     0  startup_stm32f407xx.o(.text)
    CAN1_SCE_IRQHandler                      0x08000273   Thumb Code     0  startup_stm32f407xx.o(.text)
    CAN1_TX_IRQHandler                       0x08000273   Thumb Code     0  startup_stm32f407xx.o(.text)
    CAN2_RX0_IRQHandler                      0x08000273   Thumb Code     0  startup_stm32f407xx.o(.text)
    CAN2_RX1_IRQHandler                      0x08000273   Thumb Code     0  startup_stm32f407xx.o(.text)
    CAN2_SCE_IRQHandler                      0x08000273   Thumb Code     0  startup_stm32f407xx.o(.text)
    CAN2_TX_IRQHandler                       0x08000273   Thumb Code     0  startup_stm32f407xx.o(.text)
    DCMI_IRQHandler                          0x08000273   Thumb Code     0  startup_stm32f407xx.o(.text)
    DMA1_Stream0_IRQHandler                  0x08000273   Thumb Code     0  startup_stm32f407xx.o(.text)
    DMA1_Stream1_IRQHandler                  0x08000273   Thumb Code     0  startup_stm32f407xx.o(.text)
    DMA1_Stream2_IRQHandler                  0x08000273   Thumb Code     0  startup_stm32f407xx.o(.text)
    DMA1_Stream3_IRQHandler                  0x08000273   Thumb Code     0  startup_stm32f407xx.o(.text)
    DMA1_Stream4_IRQHandler                  0x08000273   Thumb Code     0  startup_stm32f407xx.o(.text)
    DMA1_Stream5_IRQHandler                  0x08000273   Thumb Code     0  startup_stm32f407xx.o(.text)
    DMA1_Stream6_IRQHandler                  0x08000273   Thumb Code     0  startup_stm32f407xx.o(.text)
    DMA1_Stream7_IRQHandler                  0x08000273   Thumb Code     0  startup_stm32f407xx.o(.text)
    DMA2_Stream0_IRQHandler                  0x08000273   Thumb Code     0  startup_stm32f407xx.o(.text)
    DMA2_Stream1_IRQHandler                  0x08000273   Thumb Code     0  startup_stm32f407xx.o(.text)
    DMA2_Stream2_IRQHandler                  0x08000273   Thumb Code     0  startup_stm32f407xx.o(.text)
    DMA2_Stream3_IRQHandler                  0x08000273   Thumb Code     0  startup_stm32f407xx.o(.text)
    DMA2_Stream4_IRQHandler                  0x08000273   Thumb Code     0  startup_stm32f407xx.o(.text)
    DMA2_Stream5_IRQHandler                  0x08000273   Thumb Code     0  startup_stm32f407xx.o(.text)
    DMA2_Stream6_IRQHandler                  0x08000273   Thumb Code     0  startup_stm32f407xx.o(.text)
    DMA2_Stream7_IRQHandler                  0x08000273   Thumb Code     0  startup_stm32f407xx.o(.text)
    ETH_IRQHandler                           0x08000273   Thumb Code     0  startup_stm32f407xx.o(.text)
    ETH_WKUP_IRQHandler                      0x08000273   Thumb Code     0  startup_stm32f407xx.o(.text)
    EXTI0_IRQHandler                         0x08000273   Thumb Code     0  startup_stm32f407xx.o(.text)
    EXTI15_10_IRQHandler                     0x08000273   Thumb Code     0  startup_stm32f407xx.o(.text)
    EXTI1_IRQHandler                         0x08000273   Thumb Code     0  startup_stm32f407xx.o(.text)
    EXTI2_IRQHandler                         0x08000273   Thumb Code     0  startup_stm32f407xx.o(.text)
    EXTI3_IRQHandler                         0x08000273   Thumb Code     0  startup_stm32f407xx.o(.text)
    EXTI4_IRQHandler                         0x08000273   Thumb Code     0  startup_stm32f407xx.o(.text)
    EXTI9_5_IRQHandler                       0x08000273   Thumb Code     0  startup_stm32f407xx.o(.text)
    FLASH_IRQHandler                         0x08000273   Thumb Code     0  startup_stm32f407xx.o(.text)
    FMC_IRQHandler                           0x08000273   Thumb Code     0  startup_stm32f407xx.o(.text)
    FPU_IRQHandler                           0x08000273   Thumb Code     0  startup_stm32f407xx.o(.text)
    HASH_RNG_IRQHandler                      0x08000273   Thumb Code     0  startup_stm32f407xx.o(.text)
    I2C1_ER_IRQHandler                       0x08000273   Thumb Code     0  startup_stm32f407xx.o(.text)
    I2C1_EV_IRQHandler                       0x08000273   Thumb Code     0  startup_stm32f407xx.o(.text)
    I2C2_ER_IRQHandler                       0x08000273   Thumb Code     0  startup_stm32f407xx.o(.text)
    I2C2_EV_IRQHandler                       0x08000273   Thumb Code     0  startup_stm32f407xx.o(.text)
    I2C3_ER_IRQHandler                       0x08000273   Thumb Code     0  startup_stm32f407xx.o(.text)
    I2C3_EV_IRQHandler                       0x08000273   Thumb Code     0  startup_stm32f407xx.o(.text)
    OTG_FS_IRQHandler                        0x08000273   Thumb Code     0  startup_stm32f407xx.o(.text)
    OTG_FS_WKUP_IRQHandler                   0x08000273   Thumb Code     0  startup_stm32f407xx.o(.text)
    OTG_HS_EP1_IN_IRQHandler                 0x08000273   Thumb Code     0  startup_stm32f407xx.o(.text)
    OTG_HS_EP1_OUT_IRQHandler                0x08000273   Thumb Code     0  startup_stm32f407xx.o(.text)
    OTG_HS_IRQHandler                        0x08000273   Thumb Code     0  startup_stm32f407xx.o(.text)
    OTG_HS_WKUP_IRQHandler                   0x08000273   Thumb Code     0  startup_stm32f407xx.o(.text)
    PVD_IRQHandler                           0x08000273   Thumb Code     0  startup_stm32f407xx.o(.text)
    RCC_IRQHandler                           0x08000273   Thumb Code     0  startup_stm32f407xx.o(.text)
    RTC_Alarm_IRQHandler                     0x08000273   Thumb Code     0  startup_stm32f407xx.o(.text)
    RTC_WKUP_IRQHandler                      0x08000273   Thumb Code     0  startup_stm32f407xx.o(.text)
    SDIO_IRQHandler                          0x08000273   Thumb Code     0  startup_stm32f407xx.o(.text)
    SPI1_IRQHandler                          0x08000273   Thumb Code     0  startup_stm32f407xx.o(.text)
    SPI2_IRQHandler                          0x08000273   Thumb Code     0  startup_stm32f407xx.o(.text)
    SPI3_IRQHandler                          0x08000273   Thumb Code     0  startup_stm32f407xx.o(.text)
    TAMP_STAMP_IRQHandler                    0x08000273   Thumb Code     0  startup_stm32f407xx.o(.text)
    TIM1_BRK_TIM9_IRQHandler                 0x08000273   Thumb Code     0  startup_stm32f407xx.o(.text)
    TIM1_CC_IRQHandler                       0x08000273   Thumb Code     0  startup_stm32f407xx.o(.text)
    TIM1_TRG_COM_TIM11_IRQHandler            0x08000273   Thumb Code     0  startup_stm32f407xx.o(.text)
    TIM1_UP_TIM10_IRQHandler                 0x08000273   Thumb Code     0  startup_stm32f407xx.o(.text)
    TIM2_IRQHandler                          0x08000273   Thumb Code     0  startup_stm32f407xx.o(.text)
    TIM3_IRQHandler                          0x08000273   Thumb Code     0  startup_stm32f407xx.o(.text)
    TIM4_IRQHandler                          0x08000273   Thumb Code     0  startup_stm32f407xx.o(.text)
    TIM5_IRQHandler                          0x08000273   Thumb Code     0  startup_stm32f407xx.o(.text)
    TIM8_BRK_TIM12_IRQHandler                0x08000273   Thumb Code     0  startup_stm32f407xx.o(.text)
    TIM8_CC_IRQHandler                       0x08000273   Thumb Code     0  startup_stm32f407xx.o(.text)
    TIM8_TRG_COM_TIM14_IRQHandler            0x08000273   Thumb Code     0  startup_stm32f407xx.o(.text)
    TIM8_UP_TIM13_IRQHandler                 0x08000273   Thumb Code     0  startup_stm32f407xx.o(.text)
    UART4_IRQHandler                         0x08000273   Thumb Code     0  startup_stm32f407xx.o(.text)
    UART5_IRQHandler                         0x08000273   Thumb Code     0  startup_stm32f407xx.o(.text)
    USART1_IRQHandler                        0x08000273   Thumb Code     0  startup_stm32f407xx.o(.text)
    USART3_IRQHandler                        0x08000273   Thumb Code     0  startup_stm32f407xx.o(.text)
    USART6_IRQHandler                        0x08000273   Thumb Code     0  startup_stm32f407xx.o(.text)
    WWDG_IRQHandler                          0x08000273   Thumb Code     0  startup_stm32f407xx.o(.text)
    __aeabi_memcpy                           0x0800027d   Thumb Code    36  memcpya.o(.text)
    __aeabi_memcpy4                          0x0800027d   Thumb Code     0  memcpya.o(.text)
    __aeabi_memcpy8                          0x0800027d   Thumb Code     0  memcpya.o(.text)
    __aeabi_memset                           0x080002a1   Thumb Code    14  memseta.o(.text)
    __aeabi_memset4                          0x080002a1   Thumb Code     0  memseta.o(.text)
    __aeabi_memset8                          0x080002a1   Thumb Code     0  memseta.o(.text)
    __aeabi_memclr                           0x080002af   Thumb Code     4  memseta.o(.text)
    __aeabi_memclr4                          0x080002af   Thumb Code     0  memseta.o(.text)
    __aeabi_memclr8                          0x080002af   Thumb Code     0  memseta.o(.text)
    _memset$wrapper                          0x080002b3   Thumb Code    18  memseta.o(.text)
    __aeabi_ddiv                             0x080002c5   Thumb Code   222  ddiv.o(.text)
    __aeabi_f2d                              0x080003a3   Thumb Code    38  f2d.o(.text)
    __aeabi_d2f                              0x080003c9   Thumb Code    56  d2f.o(.text)
    __I$use$fp                               0x08000401   Thumb Code     0  iusefp.o(.text)
    _float_round                             0x08000401   Thumb Code    18  fepilogue.o(.text)
    _float_epilogue                          0x08000413   Thumb Code    92  fepilogue.o(.text)
    _double_round                            0x0800046f   Thumb Code    30  depilogue.o(.text)
    _double_epilogue                         0x0800048d   Thumb Code   156  depilogue.o(.text)
    __scatterload                            0x08000529   Thumb Code    28  init.o(.text)
    __scatterload_rt2                        0x08000529   Thumb Code     0  init.o(.text)
    __aeabi_llsl                             0x0800054d   Thumb Code    30  llshl.o(.text)
    _ll_shift_l                              0x0800054d   Thumb Code     0  llshl.o(.text)
    __aeabi_llsr                             0x0800056b   Thumb Code    32  llushr.o(.text)
    _ll_ushift_r                             0x0800056b   Thumb Code     0  llushr.o(.text)
    __decompress                             0x0800058b   Thumb Code     0  __dczerorl2.o(.text)
    __decompress1                            0x0800058b   Thumb Code    86  __dczerorl2.o(.text)
    HAL_DMA_Abort_IT                         0x080005e1   Thumb Code    36  stm32f4xx_hal_dma.o(i.HAL_DMA_Abort_IT)
    HAL_GPIO_Init                            0x08000605   Thumb Code   388  stm32f4xx_hal_gpio.o(i.HAL_GPIO_Init)
    HAL_GPIO_ReadPin                         0x080007b5   Thumb Code    10  stm32f4xx_hal_gpio.o(i.HAL_GPIO_ReadPin)
    HAL_GPIO_TogglePin                       0x080007bf   Thumb Code     8  stm32f4xx_hal_gpio.o(i.HAL_GPIO_TogglePin)
    HAL_GPIO_WritePin                        0x080007c7   Thumb Code    10  stm32f4xx_hal_gpio.o(i.HAL_GPIO_WritePin)
    HAL_GetTick                              0x080007d1   Thumb Code     6  stm32f4xx_hal.o(i.HAL_GetTick)
    HAL_IncTick                              0x080007dd   Thumb Code    10  stm32f4xx_hal.o(i.HAL_IncTick)
    HAL_Init                                 0x080007ed   Thumb Code    48  stm32f4xx_hal.o(i.HAL_Init)
    HAL_InitTick                             0x08000821   Thumb Code   100  stm32f4xx_hal_timebase_tim.o(i.HAL_InitTick)
    HAL_MspInit                              0x08000895   Thumb Code    88  stm32f4xx_hal_msp.o(i.HAL_MspInit)
    HAL_NVIC_EnableIRQ                       0x080008ed   Thumb Code    22  stm32f4xx_hal_cortex.o(i.HAL_NVIC_EnableIRQ)
    HAL_NVIC_SetPriority                     0x08000905   Thumb Code    60  stm32f4xx_hal_cortex.o(i.HAL_NVIC_SetPriority)
    HAL_NVIC_SetPriorityGrouping             0x08000945   Thumb Code    26  stm32f4xx_hal_cortex.o(i.HAL_NVIC_SetPriorityGrouping)
    HAL_RCC_ClockConfig                      0x08000969   Thumb Code   364  stm32f4xx_hal_rcc.o(i.HAL_RCC_ClockConfig)
    HAL_RCC_GetClockConfig                   0x08000ae5   Thumb Code    54  stm32f4xx_hal_rcc.o(i.HAL_RCC_GetClockConfig)
    HAL_RCC_GetHCLKFreq                      0x08000b25   Thumb Code     6  stm32f4xx_hal_rcc.o(i.HAL_RCC_GetHCLKFreq)
    HAL_RCC_GetPCLK1Freq                     0x08000b31   Thumb Code    34  stm32f4xx_hal_rcc.o(i.HAL_RCC_GetPCLK1Freq)
    HAL_RCC_GetPCLK2Freq                     0x08000b61   Thumb Code    34  stm32f4xx_hal_rcc.o(i.HAL_RCC_GetPCLK2Freq)
    HAL_RCC_GetSysClockFreq                  0x08000b91   Thumb Code   104  stm32f4xx_hal_rcc.o(i.HAL_RCC_GetSysClockFreq)
    HAL_RCC_OscConfig                        0x08000c01   Thumb Code   770  stm32f4xx_hal_rcc.o(i.HAL_RCC_OscConfig)
    HAL_SYSTICK_CLKSourceConfig              0x08000f15   Thumb Code    24  stm32f4xx_hal_cortex.o(i.HAL_SYSTICK_CLKSourceConfig)
    HAL_SYSTICK_Config                       0x08000f2d   Thumb Code    40  stm32f4xx_hal_cortex.o(i.HAL_SYSTICK_Config)
    HAL_TIMEx_BreakCallback                  0x08000f55   Thumb Code     2  stm32f4xx_hal_tim_ex.o(i.HAL_TIMEx_BreakCallback)
    HAL_TIMEx_CommutationCallback            0x08000f57   Thumb Code     2  stm32f4xx_hal_tim_ex.o(i.HAL_TIMEx_CommutationCallback)
    HAL_TIMEx_MasterConfigSynchronization    0x08000f59   Thumb Code    80  stm32f4xx_hal_tim_ex.o(i.HAL_TIMEx_MasterConfigSynchronization)
    HAL_TIM_Base_Init                        0x08000fa9   Thumb Code    54  stm32f4xx_hal_tim.o(i.HAL_TIM_Base_Init)
    HAL_TIM_Base_MspInit                     0x08000fe1   Thumb Code    50  stm32f4xx_hal_msp.o(i.HAL_TIM_Base_MspInit)
    HAL_TIM_Base_Start_IT                    0x0800101d   Thumb Code    24  stm32f4xx_hal_tim.o(i.HAL_TIM_Base_Start_IT)
    HAL_TIM_Base_Stop_IT                     0x08001035   Thumb Code    42  stm32f4xx_hal_tim.o(i.HAL_TIM_Base_Stop_IT)
    HAL_TIM_IC_CaptureCallback               0x0800105f   Thumb Code     2  stm32f4xx_hal_tim.o(i.HAL_TIM_IC_CaptureCallback)
    HAL_TIM_IRQHandler                       0x08001061   Thumb Code   358  stm32f4xx_hal_tim.o(i.HAL_TIM_IRQHandler)
    HAL_TIM_OC_DelayElapsedCallback          0x080011c7   Thumb Code     2  stm32f4xx_hal_tim.o(i.HAL_TIM_OC_DelayElapsedCallback)
    HAL_TIM_PWM_PulseFinishedCallback        0x080011c9   Thumb Code     2  stm32f4xx_hal_tim.o(i.HAL_TIM_PWM_PulseFinishedCallback)
    HAL_TIM_PeriodElapsedCallback            0x080011cd   Thumb Code    14  main.o(i.HAL_TIM_PeriodElapsedCallback)
    HAL_TIM_TriggerCallback                  0x080011e1   Thumb Code     2  stm32f4xx_hal_tim.o(i.HAL_TIM_TriggerCallback)
    HAL_UART_ErrorCallback                   0x080011e3   Thumb Code     2  stm32f4xx_hal_uart.o(i.HAL_UART_ErrorCallback)
    HAL_UART_IRQHandler                      0x080011e5   Thumb Code   266  stm32f4xx_hal_uart.o(i.HAL_UART_IRQHandler)
    HAL_UART_Init                            0x080012f5   Thumb Code    98  stm32f4xx_hal_uart.o(i.HAL_UART_Init)
    HAL_UART_MspInit                         0x08001359   Thumb Code    78  stm32f4xx_hal_msp.o(i.HAL_UART_MspInit)
    HAL_UART_RxCpltCallback                  0x080013b5   Thumb Code     2  stm32f4xx_hal_uart.o(i.HAL_UART_RxCpltCallback)
    HAL_UART_Transmit                        0x080013b7   Thumb Code   186  stm32f4xx_hal_uart.o(i.HAL_UART_Transmit)
    HAL_UART_TxCpltCallback                  0x08001471   Thumb Code     2  stm32f4xx_hal_uart.o(i.HAL_UART_TxCpltCallback)
    MAX31865_init                            0x08001475   Thumb Code    58  max31865.o(i.MAX31865_init)
    MAX31865_read                            0x080014b9   Thumb Code    54  max31865.o(i.MAX31865_read)
    MAX31865_readTemp                        0x080014f5   Thumb Code   140  max31865.o(i.MAX31865_readTemp)
    MAX31865_write                           0x08001595   Thumb Code    54  max31865.o(i.MAX31865_write)
    ModbusRTUTask                            0x080016e1   Thumb Code   106  mdtask.o(i.ModbusRTUTask)
    StartDefaultTask                         0x0800177d   Thumb Code    48  main.o(i.StartDefaultTask)
    SysTick_Handler                          0x080017b1   Thumb Code     4  stm32f4xx_it.o(i.SysTick_Handler)
    SystemClock_Config                       0x080017b5   Thumb Code   150  main.o(i.SystemClock_Config)
    SystemInit                               0x08001855   Thumb Code    66  system_stm32f4xx.o(i.SystemInit)
    TIM6_DAC_IRQHandler                      0x080018a9   Thumb Code     6  stm32f4xx_it.o(i.TIM6_DAC_IRQHandler)
    TIM7_IRQHandler                          0x080018b5   Thumb Code    56  stm32f4xx_it.o(i.TIM7_IRQHandler)
    TIM_Base_SetConfig                       0x080018f9   Thumb Code   148  stm32f4xx_hal_tim.o(i.TIM_Base_SetConfig)
    USART2_IRQHandler                        0x08001de5   Thumb Code    96  stm32f4xx_it.o(i.USART2_IRQHandler)
    __scatterload_copy                       0x08001e55   Thumb Code    14  handlers.o(i.__scatterload_copy)
    __scatterload_null                       0x08001e63   Thumb Code     2  handlers.o(i.__scatterload_null)
    __scatterload_zeroinit                   0x08001e65   Thumb Code    14  handlers.o(i.__scatterload_zeroinit)
    autoConvert                              0x08001e73   Thumb Code    44  max31865.o(i.autoConvert)
    eMBEnable                                0x08001ea1   Thumb Code    28  mb.o(i.eMBEnable)
    eMBFuncReadCoils                         0x08001ec1   Thumb Code   114  mbfunccoils.o(i.eMBFuncReadCoils)
    eMBFuncReadDiscreteInputs                0x08001f33   Thumb Code   114  mbfuncdisc.o(i.eMBFuncReadDiscreteInputs)
    eMBFuncReadHoldingRegister               0x08001fa5   Thumb Code    94  mbfuncholding.o(i.eMBFuncReadHoldingRegister)
    eMBFuncReadInputRegister                 0x08002003   Thumb Code    98  mbfuncinput.o(i.eMBFuncReadInputRegister)
    eMBFuncReadWriteMultipleHoldingRegister  0x08002065   Thumb Code   156  mbfuncholding.o(i.eMBFuncReadWriteMultipleHoldingRegister)
    eMBFuncReportSlaveID                     0x08002101   Thumb Code    26  mbfuncother.o(i.eMBFuncReportSlaveID)
    eMBFuncWriteCoil                         0x08002125   Thumb Code    86  mbfunccoils.o(i.eMBFuncWriteCoil)
    eMBFuncWriteHoldingRegister              0x0800217b   Thumb Code    50  mbfuncholding.o(i.eMBFuncWriteHoldingRegister)
    eMBFuncWriteMultipleCoils                0x080021ad   Thumb Code   100  mbfunccoils.o(i.eMBFuncWriteMultipleCoils)
    eMBFuncWriteMultipleHoldingRegister      0x08002211   Thumb Code    78  mbfuncholding.o(i.eMBFuncWriteMultipleHoldingRegister)
    eMBInit                                  0x08002261   Thumb Code    96  mb.o(i.eMBInit)
    eMBPoll                                  0x080022e1   Thumb Code   210  mb.o(i.eMBPoll)
    eMBRTUInit                               0x080023bd   Thumb Code    58  mbrtu.o(i.eMBRTUInit)
    eMBRTUReceive                            0x080023fd   Thumb Code    74  mbrtu.o(i.eMBRTUReceive)
    eMBRTUSend                               0x08002451   Thumb Code    84  mbrtu.o(i.eMBRTUSend)
    eMBRTUStart                              0x080024ad   Thumb Code    26  mbrtu.o(i.eMBRTUStart)
    eMBRTUStop                               0x080024cd   Thumb Code    20  mbrtu.o(i.eMBRTUStop)
    eMBRegCoilsCB                            0x080024e1   Thumb Code     4  mdtask.o(i.eMBRegCoilsCB)
    eMBRegDiscreteCB                         0x080024e5   Thumb Code     4  mdtask.o(i.eMBRegDiscreteCB)
    eMBRegHoldingCB                          0x080024e9   Thumb Code   114  mdtask.o(i.eMBRegHoldingCB)
    eMBRegInputCB                            0x08002565   Thumb Code    92  mdtask.o(i.eMBRegInputCB)
    eMBSetSlaveID                            0x080025cd   Thumb Code    62  mbfuncother.o(i.eMBSetSlaveID)
    enableBias                               0x08002615   Thumb Code    44  max31865.o(i.enableBias)
    main                                     0x08002641   Thumb Code   120  main.o(i.main)
    osDelay                                  0x080026d9   Thumb Code    14  cmsis_os.o(i.osDelay)
    osKernelStart                            0x080026e7   Thumb Code    10  cmsis_os.o(i.osKernelStart)
    osSystickHandler                         0x080026f1   Thumb Code    20  cmsis_os.o(i.osSystickHandler)
    osThreadCreate                           0x08002705   Thumb Code    46  cmsis_os.o(i.osThreadCreate)
    prveMBError2Exception                    0x08002a7d   Thumb Code    24  mbutils.o(i.prveMBError2Exception)
    pvPortMalloc                             0x08002a95   Thumb Code   210  heap_4.o(i.pvPortMalloc)
    pxPortInitialiseStack                    0x08002b6d   Thumb Code    40  port.o(i.pxPortInitialiseStack)
    read_temps                               0x08002b99   Thumb Code    64  mdtask.o(i.read_temps)
    setWires                                 0x08002be5   Thumb Code    48  max31865.o(i.setWires)
    single_shot                              0x08002c15   Thumb Code    32  max31865.o(i.single_shot)
    spi_read                                 0x08002c35   Thumb Code    92  max31865.o(i.spi_read)
    spi_write                                0x08002c95   Thumb Code    88  max31865.o(i.spi_write)
    usMBCRC16                                0x08002cf1   Thumb Code    40  mbcrc.o(i.usMBCRC16)
    uxListRemove                             0x08002d1d   Thumb Code    36  list.o(i.uxListRemove)
    vListInitialise                          0x08002d41   Thumb Code    22  list.o(i.vListInitialise)
    vListInitialiseItem                      0x08002d57   Thumb Code     6  list.o(i.vListInitialiseItem)
    vListInsert                              0x08002d5d   Thumb Code    48  list.o(i.vListInsert)
    vListInsertEnd                           0x08002d8d   Thumb Code    24  list.o(i.vListInsertEnd)
    vMBPortSerialEnable                      0x08002da5   Thumb Code    44  portserial.o(i.vMBPortSerialEnable)
    vMBPortTimersDisable                     0x08002dd5   Thumb Code     6  porttimer.o(i.vMBPortTimersDisable)
    vMBPortTimersEnable                      0x08002de1   Thumb Code    12  porttimer.o(i.vMBPortTimersEnable)
    vPortEnterCritical                       0x08002df5   Thumb Code    54  port.o(i.vPortEnterCritical)
    vPortExitCritical                        0x08002e35   Thumb Code    34  port.o(i.vPortExitCritical)
    vPortFree                                0x08002e5d   Thumb Code    88  heap_4.o(i.vPortFree)
    vPortSetupTimerInterrupt                 0x08002eb9   Thumb Code    26  port.o(i.vPortSetupTimerInterrupt)
    vTaskDelay                               0x08002ed9   Thumb Code    66  tasks.o(i.vTaskDelay)
    vTaskStartScheduler                      0x08002f25   Thumb Code    86  tasks.o(i.vTaskStartScheduler)
    vTaskSuspendAll                          0x08002f8d   Thumb Code    10  tasks.o(i.vTaskSuspendAll)
    vTaskSwitchContext                       0x08002f9d   Thumb Code    82  tasks.o(i.vTaskSwitchContext)
    xMBPortEventGet                          0x08002ff9   Thumb Code    24  portevent.o(i.xMBPortEventGet)
    xMBPortEventInit                         0x08003015   Thumb Code    10  portevent.o(i.xMBPortEventInit)
    xMBPortEventPost                         0x08003025   Thumb Code    12  portevent.o(i.xMBPortEventPost)
    xMBPortSerialGetByte                     0x08003035   Thumb Code    12  portserial.o(i.xMBPortSerialGetByte)
    xMBPortSerialInit                        0x08003045   Thumb Code     4  portserial.o(i.xMBPortSerialInit)
    xMBPortSerialPutByte                     0x08003049   Thumb Code    24  portserial.o(i.xMBPortSerialPutByte)
    xMBPortTimersInit                        0x08003065   Thumb Code    68  porttimer.o(i.xMBPortTimersInit)
    xMBRTUReceiveFSM                         0x080030b9   Thumb Code    96  mbrtu.o(i.xMBRTUReceiveFSM)
    xMBRTUTimerT35Expired                    0x08003121   Thumb Code    58  mbrtu.o(i.xMBRTUTimerT35Expired)
    xMBRTUTransmitFSM                        0x08003161   Thumb Code    86  mbrtu.o(i.xMBRTUTransmitFSM)
    xPortStartScheduler                      0x080031bd   Thumb Code   202  port.o(i.xPortStartScheduler)
    xPortSysTickHandler                      0x0800329d   Thumb Code    38  port.o(i.xPortSysTickHandler)
    xTaskCreate                              0x080032c9   Thumb Code    86  tasks.o(i.xTaskCreate)
    xTaskGetSchedulerState                   0x08003321   Thumb Code    22  tasks.o(i.xTaskGetSchedulerState)
    xTaskIncrementTick                       0x0800333d   Thumb Code   192  tasks.o(i.xTaskIncrementTick)
    xTaskResumeAll                           0x08003405   Thumb Code   182  tasks.o(i.xTaskResumeAll)
    AHBPrescTable                            0x08003504   Data          16  system_stm32f4xx.o(.constdata)
    APBPrescTable                            0x08003514   Data           8  system_stm32f4xx.o(.constdata)
    Region$$Table$$Base                      0x08003744   Number         0  anon$$obj.o(Region$$Table)
    Region$$Table$$Limit                     0x08003764   Number         0  anon$$obj.o(Region$$Table)
    defaultTaskHandle                        0x20000000   Data           4  main.o(.data)
    eeStatus                                 0x20000004   Data           1  mdtask.o(.data)
    eStatus                                  0x20000005   Data           1  mdtask.o(.data)
    pxCurrentTCB                             0x2000000c   Data           4  tasks.o(.data)
    SystemCoreClock                          0x2000006c   Data           4  system_stm32f4xx.o(.data)
    uwTick                                   0x20000070   Data           4  stm32f4xx_hal.o(.data)
    timeout                                  0x20000078   Data           2  porttimer.o(.data)
    downcounter                              0x2000007a   Data           2  porttimer.o(.data)
    pxMBFrameCBByteReceived                  0x200000a8   Data           4  mb.o(.data)
    pxMBFrameCBTransmitterEmpty              0x200000ac   Data           4  mb.o(.data)
    pxMBPortCBTimerExpired                   0x200000b0   Data           4  mb.o(.data)
    htim7                                    0x20000134   Data          60  main.o(.bss)
    huart2                                   0x20000170   Data          64  main.o(.bss)
    htim6                                    0x200001b0   Data          60  stm32f4xx_hal_timebase_tim.o(.bss)
    ucRTUBuf                                 0x20004010   Data         256  mbrtu.o(.bss)
    __initial_sp                             0x20004510   Data           0  startup_stm32f407xx.o(STACK)



==============================================================================

Memory Map of the image

  Image Entry point : 0x08000189

  Load Region LR_IROM1 (Base: 0x08000000, Size: 0x00003898, Max: 0x00100000, ABSOLUTE, COMPRESSED[0x000037b0])

    Execution Region ER_IROM1 (Exec base: 0x08000000, Load base: 0x08000000, Size: 0x00003764, Max: 0x00100000, ABSOLUTE)

    Exec Addr    Load Addr    Size         Type   Attr      Idx    E Section Name        Object

    0x08000000   0x08000000   0x00000188   Data   RO         3944    RESET               startup_stm32f407xx.o
    0x08000188   0x08000188   0x00000000   Code   RO         4533  * .ARM.Collect$$$$00000000  mc_w.l(entry.o)
    0x08000188   0x08000188   0x00000004   Code   RO         4550    .ARM.Collect$$$$00000001  mc_w.l(entry2.o)
    0x0800018c   0x0800018c   0x00000004   Code   RO         4553    .ARM.Collect$$$$00000004  mc_w.l(entry5.o)
    0x08000190   0x08000190   0x00000000   Code   RO         4555    .ARM.Collect$$$$00000008  mc_w.l(entry7b.o)
    0x08000190   0x08000190   0x00000000   Code   RO         4557    .ARM.Collect$$$$0000000A  mc_w.l(entry8b.o)
    0x08000190   0x08000190   0x00000008   Code   RO         4558    .ARM.Collect$$$$0000000B  mc_w.l(entry9a.o)
    0x08000198   0x08000198   0x00000000   Code   RO         4560    .ARM.Collect$$$$0000000D  mc_w.l(entry10a.o)
    0x08000198   0x08000198   0x00000000   Code   RO         4562    .ARM.Collect$$$$0000000F  mc_w.l(entry11a.o)
    0x08000198   0x08000198   0x00000004   Code   RO         4551    .ARM.Collect$$$$00002712  mc_w.l(entry2.o)
    0x0800019c   0x0800019c   0x000000ba   Code   RO         1616    .emb_text           port.o
    0x08000256   0x08000256   0x00000002   PAD
    0x08000258   0x08000258   0x00000024   Code   RO         3945    .text               startup_stm32f407xx.o
    0x0800027c   0x0800027c   0x00000024   Code   RO         4538    .text               mc_w.l(memcpya.o)
    0x080002a0   0x080002a0   0x00000024   Code   RO         4540    .text               mc_w.l(memseta.o)
    0x080002c4   0x080002c4   0x000000de   Code   RO         4544    .text               mf_w.l(ddiv.o)
    0x080003a2   0x080003a2   0x00000026   Code   RO         4546    .text               mf_w.l(f2d.o)
    0x080003c8   0x080003c8   0x00000038   Code   RO         4548    .text               mf_w.l(d2f.o)
    0x08000400   0x08000400   0x00000000   Code   RO         4564    .text               mc_w.l(iusefp.o)
    0x08000400   0x08000400   0x0000006e   Code   RO         4565    .text               mf_w.l(fepilogue.o)
    0x0800046e   0x0800046e   0x000000ba   Code   RO         4567    .text               mf_w.l(depilogue.o)
    0x08000528   0x08000528   0x00000024   Code   RO         4569    .text               mc_w.l(init.o)
    0x0800054c   0x0800054c   0x0000001e   Code   RO         4571    .text               mc_w.l(llshl.o)
    0x0800056a   0x0800056a   0x00000020   Code   RO         4573    .text               mc_w.l(llushr.o)
    0x0800058a   0x0800058a   0x00000056   Code   RO         4583    .text               mc_w.l(__dczerorl2.o)
    0x080005e0   0x080005e0   0x00000024   Code   RO         2411    i.HAL_DMA_Abort_IT  stm32f4xx_hal_dma.o
    0x08000604   0x08000604   0x000001b0   Code   RO         3201    i.HAL_GPIO_Init     stm32f4xx_hal_gpio.o
    0x080007b4   0x080007b4   0x0000000a   Code   RO         3203    i.HAL_GPIO_ReadPin  stm32f4xx_hal_gpio.o
    0x080007be   0x080007be   0x00000008   Code   RO         3204    i.HAL_GPIO_TogglePin  stm32f4xx_hal_gpio.o
    0x080007c6   0x080007c6   0x0000000a   Code   RO         3205    i.HAL_GPIO_WritePin  stm32f4xx_hal_gpio.o
    0x080007d0   0x080007d0   0x0000000c   Code   RO         2267    i.HAL_GetTick       stm32f4xx_hal.o
    0x080007dc   0x080007dc   0x00000010   Code   RO         2269    i.HAL_IncTick       stm32f4xx_hal.o
    0x080007ec   0x080007ec   0x00000034   Code   RO         2270    i.HAL_Init          stm32f4xx_hal.o
    0x08000820   0x08000820   0x00000074   Code   RO          458    i.HAL_InitTick      stm32f4xx_hal_timebase_tim.o
    0x08000894   0x08000894   0x00000058   Code   RO          394    i.HAL_MspInit       stm32f4xx_hal_msp.o
    0x080008ec   0x080008ec   0x00000016   Code   RO         3371    i.HAL_NVIC_EnableIRQ  stm32f4xx_hal_cortex.o
    0x08000902   0x08000902   0x00000002   PAD
    0x08000904   0x08000904   0x00000040   Code   RO         3377    i.HAL_NVIC_SetPriority  stm32f4xx_hal_cortex.o
    0x08000944   0x08000944   0x00000024   Code   RO         3378    i.HAL_NVIC_SetPriorityGrouping  stm32f4xx_hal_cortex.o
    0x08000968   0x08000968   0x0000017c   Code   RO         3265    i.HAL_RCC_ClockConfig  stm32f4xx_hal_rcc.o
    0x08000ae4   0x08000ae4   0x00000040   Code   RO         3269    i.HAL_RCC_GetClockConfig  stm32f4xx_hal_rcc.o
    0x08000b24   0x08000b24   0x0000000c   Code   RO         3270    i.HAL_RCC_GetHCLKFreq  stm32f4xx_hal_rcc.o
    0x08000b30   0x08000b30   0x00000030   Code   RO         3272    i.HAL_RCC_GetPCLK1Freq  stm32f4xx_hal_rcc.o
    0x08000b60   0x08000b60   0x00000030   Code   RO         3273    i.HAL_RCC_GetPCLK2Freq  stm32f4xx_hal_rcc.o
    0x08000b90   0x08000b90   0x00000070   Code   RO         3274    i.HAL_RCC_GetSysClockFreq  stm32f4xx_hal_rcc.o
    0x08000c00   0x08000c00   0x00000314   Code   RO         3277    i.HAL_RCC_OscConfig  stm32f4xx_hal_rcc.o
    0x08000f14   0x08000f14   0x00000018   Code   RO         3380    i.HAL_SYSTICK_CLKSourceConfig  stm32f4xx_hal_cortex.o
    0x08000f2c   0x08000f2c   0x00000028   Code   RO         3382    i.HAL_SYSTICK_Config  stm32f4xx_hal_cortex.o
    0x08000f54   0x08000f54   0x00000002   Code   RO         1734    i.HAL_TIMEx_BreakCallback  stm32f4xx_hal_tim_ex.o
    0x08000f56   0x08000f56   0x00000002   Code   RO         1735    i.HAL_TIMEx_CommutationCallback  stm32f4xx_hal_tim_ex.o
    0x08000f58   0x08000f58   0x00000050   Code   RO         1751    i.HAL_TIMEx_MasterConfigSynchronization  stm32f4xx_hal_tim_ex.o
    0x08000fa8   0x08000fa8   0x00000036   Code   RO         2569    i.HAL_TIM_Base_Init  stm32f4xx_hal_tim.o
    0x08000fde   0x08000fde   0x00000002   PAD
    0x08000fe0   0x08000fe0   0x0000003c   Code   RO          396    i.HAL_TIM_Base_MspInit  stm32f4xx_hal_msp.o
    0x0800101c   0x0800101c   0x00000018   Code   RO         2574    i.HAL_TIM_Base_Start_IT  stm32f4xx_hal_tim.o
    0x08001034   0x08001034   0x0000002a   Code   RO         2577    i.HAL_TIM_Base_Stop_IT  stm32f4xx_hal_tim.o
    0x0800105e   0x0800105e   0x00000002   Code   RO         2598    i.HAL_TIM_IC_CaptureCallback  stm32f4xx_hal_tim.o
    0x08001060   0x08001060   0x00000166   Code   RO         2611    i.HAL_TIM_IRQHandler  stm32f4xx_hal_tim.o
    0x080011c6   0x080011c6   0x00000002   Code   RO         2614    i.HAL_TIM_OC_DelayElapsedCallback  stm32f4xx_hal_tim.o
    0x080011c8   0x080011c8   0x00000002   Code   RO         2641    i.HAL_TIM_PWM_PulseFinishedCallback  stm32f4xx_hal_tim.o
    0x080011ca   0x080011ca   0x00000002   PAD
    0x080011cc   0x080011cc   0x00000014   Code   RO          208    i.HAL_TIM_PeriodElapsedCallback  main.o
    0x080011e0   0x080011e0   0x00000002   Code   RO         2652    i.HAL_TIM_TriggerCallback  stm32f4xx_hal_tim.o
    0x080011e2   0x080011e2   0x00000002   Code   RO         3522    i.HAL_UART_ErrorCallback  stm32f4xx_hal_uart.o
    0x080011e4   0x080011e4   0x00000110   Code   RO         3525    i.HAL_UART_IRQHandler  stm32f4xx_hal_uart.o
    0x080012f4   0x080012f4   0x00000062   Code   RO         3526    i.HAL_UART_Init     stm32f4xx_hal_uart.o
    0x08001356   0x08001356   0x00000002   PAD
    0x08001358   0x08001358   0x0000005c   Code   RO          398    i.HAL_UART_MspInit  stm32f4xx_hal_msp.o
    0x080013b4   0x080013b4   0x00000002   Code   RO         3532    i.HAL_UART_RxCpltCallback  stm32f4xx_hal_uart.o
    0x080013b6   0x080013b6   0x000000ba   Code   RO         3534    i.HAL_UART_Transmit  stm32f4xx_hal_uart.o
    0x08001470   0x08001470   0x00000002   Code   RO         3537    i.HAL_UART_TxCpltCallback  stm32f4xx_hal_uart.o
    0x08001472   0x08001472   0x00000002   PAD
    0x08001474   0x08001474   0x00000044   Code   RO         4458    i.MAX31865_init     max31865.o
    0x080014b8   0x080014b8   0x0000003c   Code   RO         4459    i.MAX31865_read     max31865.o
    0x080014f4   0x080014f4   0x000000a0   Code   RO         4460    i.MAX31865_readTemp  max31865.o
    0x08001594   0x08001594   0x0000003c   Code   RO         4461    i.MAX31865_write    max31865.o
    0x080015d0   0x080015d0   0x00000110   Code   RO          209    i.MX_GPIO_Init      main.o
    0x080016e0   0x080016e0   0x0000007c   Code   RO          498    i.ModbusRTUTask     mdtask.o
    0x0800175c   0x0800175c   0x00000020   Code   RO         3384    i.NVIC_SetPriority  stm32f4xx_hal_cortex.o
    0x0800177c   0x0800177c   0x00000034   Code   RO          210    i.StartDefaultTask  main.o
    0x080017b0   0x080017b0   0x00000004   Code   RO            4    i.SysTick_Handler   stm32f4xx_it.o
    0x080017b4   0x080017b4   0x000000a0   Code   RO          211    i.SystemClock_Config  main.o
    0x08001854   0x08001854   0x00000054   Code   RO         1697    i.SystemInit        system_stm32f4xx.o
    0x080018a8   0x080018a8   0x0000000c   Code   RO            5    i.TIM6_DAC_IRQHandler  stm32f4xx_it.o
    0x080018b4   0x080018b4   0x00000044   Code   RO            6    i.TIM7_IRQHandler   stm32f4xx_it.o
    0x080018f8   0x080018f8   0x000000c0   Code   RO         2653    i.TIM_Base_SetConfig  stm32f4xx_hal_tim.o
    0x080019b8   0x080019b8   0x00000010   Code   RO         3539    i.UART_DMAAbortOnError  stm32f4xx_hal_uart.o
    0x080019c8   0x080019c8   0x0000001c   Code   RO         3549    i.UART_EndRxTransfer  stm32f4xx_hal_uart.o
    0x080019e4   0x080019e4   0x0000008c   Code   RO         3551    i.UART_Receive_IT   stm32f4xx_hal_uart.o
    0x08001a70   0x08001a70   0x000002ac   Code   RO         3552    i.UART_SetConfig    stm32f4xx_hal_uart.o
    0x08001d1c   0x08001d1c   0x00000062   Code   RO         3553    i.UART_Transmit_IT  stm32f4xx_hal_uart.o
    0x08001d7e   0x08001d7e   0x00000064   Code   RO         3554    i.UART_WaitOnFlagUntilTimeout  stm32f4xx_hal_uart.o
    0x08001de2   0x08001de2   0x00000002   PAD
    0x08001de4   0x08001de4   0x00000070   Code   RO            7    i.USART2_IRQHandler  stm32f4xx_it.o
    0x08001e54   0x08001e54   0x0000000e   Code   RO         4577    i.__scatterload_copy  mc_w.l(handlers.o)
    0x08001e62   0x08001e62   0x00000002   Code   RO         4578    i.__scatterload_null  mc_w.l(handlers.o)
    0x08001e64   0x08001e64   0x0000000e   Code   RO         4579    i.__scatterload_zeroinit  mc_w.l(handlers.o)
    0x08001e72   0x08001e72   0x0000002c   Code   RO         4462    i.autoConvert       max31865.o
    0x08001e9e   0x08001e9e   0x00000002   PAD
    0x08001ea0   0x08001ea0   0x00000020   Code   RO         4395    i.eMBEnable         mb.o
    0x08001ec0   0x08001ec0   0x00000072   Code   RO         3952    i.eMBFuncReadCoils  mbfunccoils.o
    0x08001f32   0x08001f32   0x00000072   Code   RO         4001    i.eMBFuncReadDiscreteInputs  mbfuncdisc.o
    0x08001fa4   0x08001fa4   0x0000005e   Code   RO         4025    i.eMBFuncReadHoldingRegister  mbfuncholding.o
    0x08002002   0x08002002   0x00000062   Code   RO         4067    i.eMBFuncReadInputRegister  mbfuncinput.o
    0x08002064   0x08002064   0x0000009c   Code   RO         4026    i.eMBFuncReadWriteMultipleHoldingRegister  mbfuncholding.o
    0x08002100   0x08002100   0x00000024   Code   RO         4091    i.eMBFuncReportSlaveID  mbfuncother.o
    0x08002124   0x08002124   0x00000056   Code   RO         3953    i.eMBFuncWriteCoil  mbfunccoils.o
    0x0800217a   0x0800217a   0x00000032   Code   RO         4027    i.eMBFuncWriteHoldingRegister  mbfuncholding.o
    0x080021ac   0x080021ac   0x00000064   Code   RO         3954    i.eMBFuncWriteMultipleCoils  mbfunccoils.o
    0x08002210   0x08002210   0x0000004e   Code   RO         4028    i.eMBFuncWriteMultipleHoldingRegister  mbfuncholding.o
    0x0800225e   0x0800225e   0x00000002   PAD
    0x08002260   0x08002260   0x00000080   Code   RO         4396    i.eMBInit           mb.o
    0x080022e0   0x080022e0   0x000000dc   Code   RO         4397    i.eMBPoll           mb.o
    0x080023bc   0x080023bc   0x00000040   Code   RO         4317    i.eMBRTUInit        mbrtu.o
    0x080023fc   0x080023fc   0x00000054   Code   RO         4318    i.eMBRTUReceive     mbrtu.o
    0x08002450   0x08002450   0x0000005c   Code   RO         4319    i.eMBRTUSend        mbrtu.o
    0x080024ac   0x080024ac   0x00000020   Code   RO         4320    i.eMBRTUStart       mbrtu.o
    0x080024cc   0x080024cc   0x00000014   Code   RO         4321    i.eMBRTUStop        mbrtu.o
    0x080024e0   0x080024e0   0x00000004   Code   RO          499    i.eMBRegCoilsCB     mdtask.o
    0x080024e4   0x080024e4   0x00000004   Code   RO          500    i.eMBRegDiscreteCB  mdtask.o
    0x080024e8   0x080024e8   0x0000007c   Code   RO          501    i.eMBRegHoldingCB   mdtask.o
    0x08002564   0x08002564   0x00000068   Code   RO          502    i.eMBRegInputCB     mdtask.o
    0x080025cc   0x080025cc   0x00000048   Code   RO         4092    i.eMBSetSlaveID     mbfuncother.o
    0x08002614   0x08002614   0x0000002c   Code   RO         4463    i.enableBias        max31865.o
    0x08002640   0x08002640   0x0000008c   Code   RO          212    i.main              main.o
    0x080026cc   0x080026cc   0x0000000c   Code   RO         1243    i.makeFreeRtosPriority  cmsis_os.o
    0x080026d8   0x080026d8   0x0000000e   Code   RO         1245    i.osDelay           cmsis_os.o
    0x080026e6   0x080026e6   0x0000000a   Code   RO         1248    i.osKernelStart     cmsis_os.o
    0x080026f0   0x080026f0   0x00000014   Code   RO         1281    i.osSystickHandler  cmsis_os.o
    0x08002704   0x08002704   0x0000002e   Code   RO         1282    i.osThreadCreate    cmsis_os.o
    0x08002732   0x08002732   0x00000002   PAD
    0x08002734   0x08002734   0x00000070   Code   RO          561    i.prvAddCurrentTaskToDelayedList  tasks.o
    0x080027a4   0x080027a4   0x000000d0   Code   RO          562    i.prvAddNewTaskToReadyList  tasks.o
    0x08002874   0x08002874   0x00000050   Code   RO          563    i.prvCheckTasksWaitingTermination  tasks.o
    0x080028c4   0x080028c4   0x00000014   Code   RO          564    i.prvDeleteTCB      tasks.o
    0x080028d8   0x080028d8   0x0000004c   Code   RO         1169    i.prvHeapInit       heap_4.o
    0x08002924   0x08002924   0x00000028   Code   RO          565    i.prvIdleTask       tasks.o
    0x0800294c   0x0800294c   0x0000009c   Code   RO          566    i.prvInitialiseNewTask  tasks.o
    0x080029e8   0x080029e8   0x0000004c   Code   RO         1170    i.prvInsertBlockIntoFreeList  heap_4.o
    0x08002a34   0x08002a34   0x00000020   Code   RO          568    i.prvResetNextTaskUnblockTime  tasks.o
    0x08002a54   0x08002a54   0x00000028   Code   RO         1617    i.prvTaskExitError  port.o
    0x08002a7c   0x08002a7c   0x00000018   Code   RO         4124    i.prveMBError2Exception  mbutils.o
    0x08002a94   0x08002a94   0x000000d8   Code   RO         1171    i.pvPortMalloc      heap_4.o
    0x08002b6c   0x08002b6c   0x0000002c   Code   RO         1618    i.pxPortInitialiseStack  port.o
    0x08002b98   0x08002b98   0x0000004c   Code   RO          503    i.read_temps        mdtask.o
    0x08002be4   0x08002be4   0x00000030   Code   RO         4464    i.setWires          max31865.o
    0x08002c14   0x08002c14   0x00000020   Code   RO         4465    i.single_shot       max31865.o
    0x08002c34   0x08002c34   0x00000060   Code   RO         4466    i.spi_read          max31865.o
    0x08002c94   0x08002c94   0x0000005c   Code   RO         4467    i.spi_write         max31865.o
    0x08002cf0   0x08002cf0   0x0000002c   Code   RO         4291    i.usMBCRC16         mbcrc.o
    0x08002d1c   0x08002d1c   0x00000024   Code   RO          898    i.uxListRemove      list.o
    0x08002d40   0x08002d40   0x00000016   Code   RO          899    i.vListInitialise   list.o
    0x08002d56   0x08002d56   0x00000006   Code   RO          900    i.vListInitialiseItem  list.o
    0x08002d5c   0x08002d5c   0x00000030   Code   RO          901    i.vListInsert       list.o
    0x08002d8c   0x08002d8c   0x00000018   Code   RO          902    i.vListInsertEnd    list.o
    0x08002da4   0x08002da4   0x00000030   Code   RO         4198    i.vMBPortSerialEnable  portserial.o
    0x08002dd4   0x08002dd4   0x0000000c   Code   RO         4251    i.vMBPortTimersDisable  porttimer.o
    0x08002de0   0x08002de0   0x00000014   Code   RO         4252    i.vMBPortTimersEnable  porttimer.o
    0x08002df4   0x08002df4   0x00000040   Code   RO         1620    i.vPortEnterCritical  port.o
    0x08002e34   0x08002e34   0x00000028   Code   RO         1621    i.vPortExitCritical  port.o
    0x08002e5c   0x08002e5c   0x0000005c   Code   RO         1172    i.vPortFree         heap_4.o
    0x08002eb8   0x08002eb8   0x00000020   Code   RO         1622    i.vPortSetupTimerInterrupt  port.o
    0x08002ed8   0x08002ed8   0x0000004c   Code   RO          578    i.vTaskDelay        tasks.o
    0x08002f24   0x08002f24   0x00000068   Code   RO          591    i.vTaskStartScheduler  tasks.o
    0x08002f8c   0x08002f8c   0x00000010   Code   RO          593    i.vTaskSuspendAll   tasks.o
    0x08002f9c   0x08002f9c   0x0000005c   Code   RO          594    i.vTaskSwitchContext  tasks.o
    0x08002ff8   0x08002ff8   0x0000001c   Code   RO         4160    i.xMBPortEventGet   portevent.o
    0x08003014   0x08003014   0x00000010   Code   RO         4161    i.xMBPortEventInit  portevent.o
    0x08003024   0x08003024   0x00000010   Code   RO         4162    i.xMBPortEventPost  portevent.o
    0x08003034   0x08003034   0x00000010   Code   RO         4199    i.xMBPortSerialGetByte  portserial.o
    0x08003044   0x08003044   0x00000004   Code   RO         4200    i.xMBPortSerialInit  portserial.o
    0x08003048   0x08003048   0x0000001c   Code   RO         4201    i.xMBPortSerialPutByte  portserial.o
    0x08003064   0x08003064   0x00000054   Code   RO         4253    i.xMBPortTimersInit  porttimer.o
    0x080030b8   0x080030b8   0x00000068   Code   RO         4322    i.xMBRTUReceiveFSM  mbrtu.o
    0x08003120   0x08003120   0x00000040   Code   RO         4323    i.xMBRTUTimerT35Expired  mbrtu.o
    0x08003160   0x08003160   0x0000005c   Code   RO         4324    i.xMBRTUTransmitFSM  mbrtu.o
    0x080031bc   0x080031bc   0x000000e0   Code   RO         1624    i.xPortStartScheduler  port.o
    0x0800329c   0x0800329c   0x0000002c   Code   RO         1625    i.xPortSysTickHandler  port.o
    0x080032c8   0x080032c8   0x00000056   Code   RO          596    i.xTaskCreate       tasks.o
    0x0800331e   0x0800331e   0x00000002   PAD
    0x08003320   0x08003320   0x0000001c   Code   RO          600    i.xTaskGetSchedulerState  tasks.o
    0x0800333c   0x0800333c   0x000000c8   Code   RO          603    i.xTaskIncrementTick  tasks.o
    0x08003404   0x08003404   0x000000c4   Code   RO          609    i.xTaskResumeAll    tasks.o
    0x080034c8   0x080034c8   0x0000003c   Data   RO          214    .constdata          main.o
    0x08003504   0x08003504   0x00000010   Data   RO         1698    .constdata          system_stm32f4xx.o
    0x08003514   0x08003514   0x00000008   Data   RO         1699    .constdata          system_stm32f4xx.o
    0x0800351c   0x0800351c   0x00000200   Data   RO         4292    .constdata          mbcrc.o
    0x0800371c   0x0800371c   0x00000027   Data   RO          215    .conststring        main.o
    0x08003743   0x08003743   0x00000001   PAD
    0x08003744   0x08003744   0x00000020   Data   RO         4575    Region$$Table       anon$$obj.o


    Execution Region RW_IRAM1 (Exec base: 0x20000000, Load base: 0x08003764, Size: 0x00004510, Max: 0x00020000, ABSOLUTE, COMPRESSED[0x0000004c])

    Exec Addr    Load Addr    Size         Type   Attr      Idx    E Section Name        Object

    0x20000000   COMPRESSED   0x00000004   Data   RW          216    .data               main.o
    0x20000004   COMPRESSED   0x00000006   Data   RW          505    .data               mdtask.o
    0x2000000a   COMPRESSED   0x00000002   PAD
    0x2000000c   COMPRESSED   0x0000003c   Data   RW          612    .data               tasks.o
    0x20000048   COMPRESSED   0x00000018   Data   RW         1177    .data               heap_4.o
    0x20000060   COMPRESSED   0x0000000c   Data   RW         1626    .data               port.o
    0x2000006c   COMPRESSED   0x00000004   Data   RW         1700    .data               system_stm32f4xx.o
    0x20000070   COMPRESSED   0x00000004   Data   RW         2276    .data               stm32f4xx_hal.o
    0x20000074   COMPRESSED   0x00000002   Data   RW         4094    .data               mbfuncother.o
    0x20000076   COMPRESSED   0x00000002   Data   RW         4163    .data               portevent.o
    0x20000078   COMPRESSED   0x00000004   Data   RW         4254    .data               porttimer.o
    0x2000007c   COMPRESSED   0x0000000c   Data   RW         4326    .data               mbrtu.o
    0x20000088   COMPRESSED   0x000000ac   Data   RW         4399    .data               mb.o
    0x20000134        -       0x0000007c   Zero   RW          213    .bss                main.o
    0x200001b0        -       0x0000003c   Zero   RW          461    .bss                stm32f4xx_hal_timebase_tim.o
    0x200001ec        -       0x00000114   Zero   RW          504    .bss                mdtask.o
    0x20000300        -       0x000000f0   Zero   RW          611    .bss                tasks.o
    0x200003f0        -       0x00003c00   Zero   RW         1176    .bss                heap_4.o
    0x20003ff0        -       0x00000020   Zero   RW         4093    .bss                mbfuncother.o
    0x20004010        -       0x00000100   Zero   RW         4325    .bss                mbrtu.o
    0x20004110        -       0x00000400   Zero   RW         3942    STACK               startup_stm32f407xx.o


==============================================================================

Image component sizes


      Code (inc. data)   RO Data    RW Data    ZI Data      Debug   Object Name

       102          0          0          0          0      13708   cmsis_os.o
       460         24          0         24      15360       7603   heap_4.o
       136          0          0          0          0       3734   list.o
       644         62         99          4        124     691980   main.o
       704         50          0          0          0       6782   max31865.o
       380         46          0        172          0       4620   mb.o
        44          4        512          0          0       1432   mbcrc.o
       300          0          0          0          0       4726   mbfunccoils.o
       114          0          0          0          0       1740   mbfuncdisc.o
       378          0          0          0          0       5599   mbfuncholding.o
        98          0          0          0          0       1735   mbfuncinput.o
       108         20          0          2         32       2507   mbfuncother.o
       552         50          0         12        256       7115   mbrtu.o
        24          0          0          0          0        720   mbutils.o
       436         52          0          6        276       5749   mdtask.o
       674         74          0         12          0      11432   port.o
        60         14          0          2          0       2552   portevent.o
        96         12          0          0          0       4566   portserial.o
       116         30          0          4          0       2179   porttimer.o
        36          8        392          0       1024        836   startup_stm32f407xx.o
        80         16          0          4          0       3360   stm32f4xx_hal.o
       218         14          0          0          0      31261   stm32f4xx_hal_cortex.o
        36          0          0          0          0       1279   stm32f4xx_hal_dma.o
       460         44          0          0          0       3852   stm32f4xx_hal_gpio.o
       240         24          0          0          0       2268   stm32f4xx_hal_msp.o
      1452         86          0          0          0       6569   stm32f4xx_hal_rcc.o
       678         44          0          0          0       7430   stm32f4xx_hal_tim.o
        84          0          0          0          0       2542   stm32f4xx_hal_tim_ex.o
       116         16          0          0         60       1548   stm32f4xx_hal_timebase_tim.o
      1628         14          0          0          0       9951   stm32f4xx_hal_uart.o
       196         34          0          0          0     695804   stm32f4xx_it.o
        84         18         24          4          0       1255   system_stm32f4xx.o
      1446        120          0         60        240      26431   tasks.o

    ----------------------------------------------------------------------
     12202        876       1060        308      17372    1574865   Object Totals
         0          0         32          0          0          0   (incl. Generated)
        22          0          1          2          0          0   (incl. Padding)

    ----------------------------------------------------------------------

      Code (inc. data)   RO Data    RW Data    ZI Data      Debug   Library Member Name

        86          0          0          0          0          0   __dczerorl2.o
         0          0          0          0          0          0   entry.o
         0          0          0          0          0          0   entry10a.o
         0          0          0          0          0          0   entry11a.o
         8          4          0          0          0          0   entry2.o
         4          0          0          0          0          0   entry5.o
         0          0          0          0          0          0   entry7b.o
         0          0          0          0          0          0   entry8b.o
         8          4          0          0          0          0   entry9a.o
        30          0          0          0          0          0   handlers.o
        36          8          0          0          0         68   init.o
         0          0          0          0          0          0   iusefp.o
        30          0          0          0          0         68   llshl.o
        32          0          0          0          0         68   llushr.o
        36          0          0          0          0         68   memcpya.o
        36          0          0          0          0        108   memseta.o
        56          0          0          0          0         88   d2f.o
       222          0          0          0          0        100   ddiv.o
       186          0          0          0          0        176   depilogue.o
        38          0          0          0          0         68   f2d.o
       110          0          0          0          0        168   fepilogue.o

    ----------------------------------------------------------------------
       918         16          0          0          0        980   Library Totals
         0          0          0          0          0          0   (incl. Padding)

    ----------------------------------------------------------------------

      Code (inc. data)   RO Data    RW Data    ZI Data      Debug   Library Name

       306         16          0          0          0        380   mc_w.l
       612          0          0          0          0        600   mf_w.l

    ----------------------------------------------------------------------
       918         16          0          0          0        980   Library Totals

    ----------------------------------------------------------------------

==============================================================================


      Code (inc. data)   RO Data    RW Data    ZI Data      Debug   

     13120        892       1060        308      17372    1561765   Grand Totals
     13120        892       1060         76      17372    1561765   ELF Image Totals (compressed)
     13120        892       1060         76          0          0   ROM Totals

==============================================================================

    Total RO  Size (Code + RO Data)                14180 (  13.85kB)
    Total RW  Size (RW Data + ZI Data)             17680 (  17.27kB)
    Total ROM Size (Code + RO Data + RW Data)      14256 (  13.92kB)

==============================================================================

